Archive member included to satisfy reference by file (symbol)

/home/create/NIO/cortex-m/toolchain/arm-gnu-toolchain-14.3.rel1-x86_64-arm-none-eabi/bin/../lib/gcc/arm-none-eabi/14.3.1/../../../../arm-none-eabi/lib/thumb/v7e-m+fp/hard/libm.a(libm_a-w_sqrt.o)
                              CMakeFiles/rpmsg_lite_pingpong_rtos_sdk_remote.elf.dir/home/create/NIO/cortex-m/SDK_2_9_0_MIMX8QM6xxxFF/boards/mekmimx8qm/multicore_examples/rpmsg_lite_pingpong_rtos/sdk_remote/cm4_core1/Torque_Vectoring.c.obj (sqrt)
/home/create/NIO/cortex-m/toolchain/arm-gnu-toolchain-14.3.rel1-x86_64-arm-none-eabi/bin/../lib/gcc/arm-none-eabi/14.3.1/../../../../arm-none-eabi/lib/thumb/v7e-m+fp/hard/libm.a(libm_a-s_atan.o)
                              CMakeFiles/rpmsg_lite_pingpong_rtos_sdk_remote.elf.dir/home/create/NIO/cortex-m/SDK_2_9_0_MIMX8QM6xxxFF/boards/mekmimx8qm/multicore_examples/rpmsg_lite_pingpong_rtos/sdk_remote/cm4_core1/Torque_Vectoring.c.obj (atan)
/home/create/NIO/cortex-m/toolchain/arm-gnu-toolchain-14.3.rel1-x86_64-arm-none-eabi/bin/../lib/gcc/arm-none-eabi/14.3.1/../../../../arm-none-eabi/lib/thumb/v7e-m+fp/hard/libm.a(libm_a-s_cos.o)
                              CMakeFiles/rpmsg_lite_pingpong_rtos_sdk_remote.elf.dir/home/create/NIO/cortex-m/SDK_2_9_0_MIMX8QM6xxxFF/boards/mekmimx8qm/multicore_examples/rpmsg_lite_pingpong_rtos/sdk_remote/cm4_core1/Torque_Vectoring.c.obj (cos)
/home/create/NIO/cortex-m/toolchain/arm-gnu-toolchain-14.3.rel1-x86_64-arm-none-eabi/bin/../lib/gcc/arm-none-eabi/14.3.1/../../../../arm-none-eabi/lib/thumb/v7e-m+fp/hard/libm.a(libm_a-s_fabs.o)
                              CMakeFiles/rpmsg_lite_pingpong_rtos_sdk_remote.elf.dir/home/create/NIO/cortex-m/SDK_2_9_0_MIMX8QM6xxxFF/boards/mekmimx8qm/multicore_examples/rpmsg_lite_pingpong_rtos/sdk_remote/cm4_core1/Torque_Vectoring.c.obj (fabs)
/home/create/NIO/cortex-m/toolchain/arm-gnu-toolchain-14.3.rel1-x86_64-arm-none-eabi/bin/../lib/gcc/arm-none-eabi/14.3.1/../../../../arm-none-eabi/lib/thumb/v7e-m+fp/hard/libm.a(libm_a-s_sin.o)
                              CMakeFiles/rpmsg_lite_pingpong_rtos_sdk_remote.elf.dir/home/create/NIO/cortex-m/SDK_2_9_0_MIMX8QM6xxxFF/boards/mekmimx8qm/multicore_examples/rpmsg_lite_pingpong_rtos/sdk_remote/cm4_core1/Torque_Vectoring.c.obj (sin)
/home/create/NIO/cortex-m/toolchain/arm-gnu-toolchain-14.3.rel1-x86_64-arm-none-eabi/bin/../lib/gcc/arm-none-eabi/14.3.1/../../../../arm-none-eabi/lib/thumb/v7e-m+fp/hard/libm.a(libm_a-wf_sqrt.o)
                              CMakeFiles/rpmsg_lite_pingpong_rtos_sdk_remote.elf.dir/home/create/NIO/cortex-m/SDK_2_9_0_MIMX8QM6xxxFF/boards/mekmimx8qm/multicore_examples/rpmsg_lite_pingpong_rtos/sdk_remote/cm4_core1/speedControl.c.obj (sqrtf)
/home/create/NIO/cortex-m/toolchain/arm-gnu-toolchain-14.3.rel1-x86_64-arm-none-eabi/bin/../lib/gcc/arm-none-eabi/14.3.1/../../../../arm-none-eabi/lib/thumb/v7e-m+fp/hard/libm.a(libm_a-sf_atan.o)
                              CMakeFiles/rpmsg_lite_pingpong_rtos_sdk_remote.elf.dir/home/create/NIO/cortex-m/SDK_2_9_0_MIMX8QM6xxxFF/boards/mekmimx8qm/multicore_examples/rpmsg_lite_pingpong_rtos/sdk_remote/cm4_core1/FWIS.c.obj (atanf)
/home/create/NIO/cortex-m/toolchain/arm-gnu-toolchain-14.3.rel1-x86_64-arm-none-eabi/bin/../lib/gcc/arm-none-eabi/14.3.1/../../../../arm-none-eabi/lib/thumb/v7e-m+fp/hard/libm.a(libm_a-sf_fabs.o)
                              CMakeFiles/rpmsg_lite_pingpong_rtos_sdk_remote.elf.dir/home/create/NIO/cortex-m/SDK_2_9_0_MIMX8QM6xxxFF/boards/mekmimx8qm/multicore_examples/rpmsg_lite_pingpong_rtos/sdk_remote/cm4_core1/FWIS.c.obj (fabsf)
/home/create/NIO/cortex-m/toolchain/arm-gnu-toolchain-14.3.rel1-x86_64-arm-none-eabi/bin/../lib/gcc/arm-none-eabi/14.3.1/../../../../arm-none-eabi/lib/thumb/v7e-m+fp/hard/libm.a(libm_a-sf_tan.o)
                              CMakeFiles/rpmsg_lite_pingpong_rtos_sdk_remote.elf.dir/home/create/NIO/cortex-m/SDK_2_9_0_MIMX8QM6xxxFF/boards/mekmimx8qm/multicore_examples/rpmsg_lite_pingpong_rtos/sdk_remote/cm4_core1/FWIS.c.obj (tanf)
/home/create/NIO/cortex-m/toolchain/arm-gnu-toolchain-14.3.rel1-x86_64-arm-none-eabi/bin/../lib/gcc/arm-none-eabi/14.3.1/../../../../arm-none-eabi/lib/thumb/v7e-m+fp/hard/libm.a(libm_a-s_fmax.o)
                              CMakeFiles/rpmsg_lite_pingpong_rtos_sdk_remote.elf.dir/home/create/NIO/cortex-m/SDK_2_9_0_MIMX8QM6xxxFF/boards/mekmimx8qm/multicore_examples/rpmsg_lite_pingpong_rtos/sdk_remote/cm4_core1/Torque_Vectoring.c.obj (fmax)
/home/create/NIO/cortex-m/toolchain/arm-gnu-toolchain-14.3.rel1-x86_64-arm-none-eabi/bin/../lib/gcc/arm-none-eabi/14.3.1/../../../../arm-none-eabi/lib/thumb/v7e-m+fp/hard/libm.a(libm_a-s_fmin.o)
                              CMakeFiles/rpmsg_lite_pingpong_rtos_sdk_remote.elf.dir/home/create/NIO/cortex-m/SDK_2_9_0_MIMX8QM6xxxFF/boards/mekmimx8qm/multicore_examples/rpmsg_lite_pingpong_rtos/sdk_remote/cm4_core1/Torque_Vectoring.c.obj (fmin)
[...]
Memory Configuration

Name             Origin             Length             Attributes
m_interrupts     0x1ffe0000         0x00000a00         xr
m_text           0x1ffe0a00         0x0001f600         xr
m_data           0x20000000         0x00020000         rw
m_data2          0x88800000         0x07800000         rw
*default*        0x00000000         0xffffffff

Linker script and memory map

LOAD /home/create/NIO/cortex-m/toolchain/arm-gnu-toolchain-14.3.rel1-x86_64-arm-none-eabi/bin/../lib/gcc/arm-none-eabi/14.3.1/thumb/v7e-m+fp/hard/crti.o
LOAD /home/create/NIO/cortex-m/toolchain/arm-gnu-toolchain-14.3.rel1-x86_64-arm-none-eabi/bin/../lib/gcc/arm-none-eabi/14.3.1/thumb/v7e-m+fp/hard/crtbegin.o
LOAD /home/create/NIO/cortex-m/toolchain/arm-gnu-toolchain-14.3.rel1-x86_64-arm-none-eabi/bin/../lib/gcc/arm-none-eabi/14.3.1/../../../../arm-none-eabi/lib/thumb/v7e-m+fp/hard/crt0.o
                0x00000400                        __stack_size__ = 0x400
                0x00000400                        __heap_size__ = 0x400
LOAD CMakeFiles/rpmsg_lite_pingpong_rtos_sdk_remote.elf.dir/home/create/NIO/cortex-m/SDK_2_9_0_MIMX8QM6xxxFF/boards/mekmimx8qm/multicore_examples/rpmsg_lite_pingpong_rtos/sdk_remote/cm4_core1/main_remote.c.obj
LOAD CMakeFiles/rpmsg_lite_pingpong_rtos_sdk_remote.elf.dir/home/create/NIO/cortex-m/SDK_2_9_0_MIMX8QM6xxxFF/boards/mekmimx8qm/multicore_examples/rpmsg_lite_pingpong_rtos/sdk_remote/cm4_core1/pin_mux.c.obj
LOAD CMakeFiles/rpmsg_lite_pingpong_rtos_sdk_remote.elf.dir/home/create/NIO/cortex-m/SDK_2_9_0_MIMX8QM6xxxFF/boards/mekmimx8qm/multicore_examples/rpmsg_lite_pingpong_rtos/sdk_remote/cm4_core1/rsc_table.c.obj
LOAD CMakeFiles/rpmsg_lite_pingpong_rtos_sdk_remote.elf.dir/home/create/NIO/cortex-m/SDK_2_9_0_MIMX8QM6xxxFF/boards/mekmimx8qm/multicore_examples/rpmsg_lite_pingpong_rtos/sdk_remote/cm4_core1/board.c.obj
LOAD CMakeFiles/rpmsg_lite_pingpong_rtos_sdk_remote.elf.dir/home/create/NIO/cortex-m/SDK_2_9_0_MIMX8QM6xxxFF/boards/mekmimx8qm/multicore_examples/rpmsg_lite_pingpong_rtos/sdk_remote/cm4_core1/clock_config.c.obj
LOAD CMakeFiles/rpmsg_lite_pingpong_rtos_sdk_remote.elf.dir/home/create/NIO/cortex-m/SDK_2_9_0_MIMX8QM6xxxFF/boards/mekmimx8qm/multicore_examples/rpmsg_lite_pingpong_rtos/sdk_remote/cm4_core1/app_srtm.c.obj
LOAD CMakeFiles/rpmsg_lite_pingpong_rtos_sdk_remote.elf.dir/home/create/NIO/cortex-m/SDK_2_9_0_MIMX8QM6xxxFF/boards/mekmimx8qm/multicore_examples/rpmsg_lite_pingpong_rtos/sdk_remote/cm4_core1/srtm/channels/srtm_rpmsg_endpoint.c.obj
LOAD CMakeFiles/rpmsg_lite_pingpong_rtos_sdk_remote.elf.dir/home/create/NIO/cortex-m/SDK_2_9_0_MIMX8QM6xxxFF/boards/mekmimx8qm/multicore_examples/rpmsg_lite_pingpong_rtos/sdk_remote/cm4_core1/srtm/services/srtm_i2c_service.c.obj
LOAD CMakeFiles/rpmsg_lite_pingpong_rtos_sdk_remote.elf.dir/home/create/NIO/cortex-m/SDK_2_9_0_MIMX8QM6xxxFF/boards/mekmimx8qm/multicore_examples/rpmsg_lite_pingpong_rtos/sdk_remote/cm4_core1/FWIS.c.obj
LOAD CMakeFiles/rpmsg_lite_pingpong_rtos_sdk_remote.elf.dir/home/create/NIO/cortex-m/SDK_2_9_0_MIMX8QM6xxxFF/boards/mekmimx8qm/multicore_examples/rpmsg_lite_pingpong_rtos/sdk_remote/cm4_core1/Torque_Vectoring_data.c.obj
LOAD CMakeFiles/rpmsg_lite_pingpong_rtos_sdk_remote.elf.dir/home/create/NIO/cortex-m/SDK_2_9_0_MIMX8QM6xxxFF/boards/mekmimx8qm/multicore_examples/rpmsg_lite_pingpong_rtos/sdk_remote/cm4_core1/Torque_Vectoring.c.obj
LOAD CMakeFiles/rpmsg_lite_pingpong_rtos_sdk_remote.elf.dir/home/create/NIO/cortex-m/SDK_2_9_0_MIMX8QM6xxxFF/boards/mekmimx8qm/multicore_examples/rpmsg_lite_pingpong_rtos/sdk_remote/cm4_core1/speedControl.c.obj
LOAD CMakeFiles/rpmsg_lite_pingpong_rtos_sdk_remote.elf.dir/home/create/NIO/cortex-m/SDK_2_9_0_MIMX8QM6xxxFF/devices/MIMX8QM6/drivers/fsl_irqsteer.c.obj
LOAD CMakeFiles/rpmsg_lite_pingpong_rtos_sdk_remote.elf.dir/home/create/NIO/cortex-m/SDK_2_9_0_MIMX8QM6xxxFF/devices/MIMX8QM6/drivers/fsl_common.c.obj
LOAD CMakeFiles/rpmsg_lite_pingpong_rtos_sdk_remote.elf.dir/home/create/NIO/cortex-m/SDK_2_9_0_MIMX8QM6xxxFF/devices/MIMX8QM6/drivers/fsl_clock.c.obj
LOAD CMakeFiles/rpmsg_lite_pingpong_rtos_sdk_remote.elf.dir/home/create/NIO/cortex-m/SDK_2_9_0_MIMX8QM6xxxFF/devices/MIMX8QM6/drivers/fsl_mu.c.obj
LOAD CMakeFiles/rpmsg_lite_pingpong_rtos_sdk_remote.elf.dir/home/create/NIO/cortex-m/SDK_2_9_0_MIMX8QM6xxxFF/rtos/freertos/freertos_kernel/event_groups.c.obj
LOAD CMakeFiles/rpmsg_lite_pingpong_rtos_sdk_remote.elf.dir/home/create/NIO/cortex-m/SDK_2_9_0_MIMX8QM6xxxFF/rtos/freertos/freertos_kernel/croutine.c.obj
LOAD CMakeFiles/rpmsg_lite_pingpong_rtos_sdk_remote.elf.dir/home/create/NIO/cortex-m/SDK_2_9_0_MIMX8QM6xxxFF/rtos/freertos/freertos_kernel/list.c.obj
LOAD CMakeFiles/rpmsg_lite_pingpong_rtos_sdk_remote.elf.dir/home/create/NIO/cortex-m/SDK_2_9_0_MIMX8QM6xxxFF/rtos/freertos/freertos_kernel/portable/GCC/ARM_CM4F/port.c.obj
LOAD CMakeFiles/rpmsg_lite_pingpong_rtos_sdk_remote.elf.dir/home/create/NIO/cortex-m/SDK_2_9_0_MIMX8QM6xxxFF/rtos/freertos/freertos_kernel/queue.c.obj
LOAD CMakeFiles/rpmsg_lite_pingpong_rtos_sdk_remote.elf.dir/home/create/NIO/cortex-m/SDK_2_9_0_MIMX8QM6xxxFF/rtos/freertos/freertos_kernel/stream_buffer.c.obj
LOAD CMakeFiles/rpmsg_lite_pingpong_rtos_sdk_remote.elf.dir/home/create/NIO/cortex-m/SDK_2_9_0_MIMX8QM6xxxFF/rtos/freertos/freertos_kernel/tasks.c.obj
LOAD CMakeFiles/rpmsg_lite_pingpong_rtos_sdk_remote.elf.dir/home/create/NIO/cortex-m/SDK_2_9_0_MIMX8QM6xxxFF/rtos/freertos/freertos_kernel/timers.c.obj
LOAD CMakeFiles/rpmsg_lite_pingpong_rtos_sdk_remote.elf.dir/home/create/NIO/cortex-m/SDK_2_9_0_MIMX8QM6xxxFF/devices/MIMX8QM6/system_MIMX8QM6_cm4_core1.c.obj
LOAD CMakeFiles/rpmsg_lite_pingpong_rtos_sdk_remote.elf.dir/home/create/NIO/cortex-m/SDK_2_9_0_MIMX8QM6xxxFF/devices/MIMX8QM6/gcc/startup_MIMX8QM6_cm4_core1.S.obj
LOAD CMakeFiles/rpmsg_lite_pingpong_rtos_sdk_remote.elf.dir/home/create/NIO/cortex-m/SDK_2_9_0_MIMX8QM6xxxFF/devices/MIMX8QM6/drivers/fsl_flexcan.c.obj
LOAD CMakeFiles/rpmsg_lite_pingpong_rtos_sdk_remote.elf.dir/home/create/NIO/cortex-m/SDK_2_9_0_MIMX8QM6xxxFF/devices/MIMX8QM6/drivers/fsl_lpuart.c.obj
LOAD CMakeFiles/rpmsg_lite_pingpong_rtos_sdk_remote.elf.dir/home/create/NIO/cortex-m/SDK_2_9_0_MIMX8QM6xxxFF/devices/MIMX8QM6/drivers/fsl_tpm.c.obj
LOAD CMakeFiles/rpmsg_lite_pingpong_rtos_sdk_remote.elf.dir/home/create/NIO/cortex-m/SDK_2_9_0_MIMX8QM6xxxFF/devices/MIMX8QM6/drivers/fsl_gpio.c.obj
LOAD CMakeFiles/rpmsg_lite_pingpong_rtos_sdk_remote.elf.dir/home/create/NIO/cortex-m/SDK_2_9_0_MIMX8QM6xxxFF/devices/MIMX8QM6/scfw_api/main/ipc_imx8qm.c.obj
LOAD CMakeFiles/rpmsg_lite_pingpong_rtos_sdk_remote.elf.dir/home/create/NIO/cortex-m/SDK_2_9_0_MIMX8QM6xxxFF/devices/MIMX8QM6/scfw_api/svc/irq/irq_rpc_clnt.c.obj
LOAD CMakeFiles/rpmsg_lite_pingpong_rtos_sdk_remote.elf.dir/home/create/NIO/cortex-m/SDK_2_9_0_MIMX8QM6xxxFF/devices/MIMX8QM6/scfw_api/svc/misc/misc_rpc_clnt.c.obj
LOAD CMakeFiles/rpmsg_lite_pingpong_rtos_sdk_remote.elf.dir/home/create/NIO/cortex-m/SDK_2_9_0_MIMX8QM6xxxFF/devices/MIMX8QM6/scfw_api/svc/pad/pad_rpc_clnt.c.obj
LOAD CMakeFiles/rpmsg_lite_pingpong_rtos_sdk_remote.elf.dir/home/create/NIO/cortex-m/SDK_2_9_0_MIMX8QM6xxxFF/devices/MIMX8QM6/scfw_api/svc/pm/pm_rpc_clnt.c.obj
LOAD CMakeFiles/rpmsg_lite_pingpong_rtos_sdk_remote.elf.dir/home/create/NIO/cortex-m/SDK_2_9_0_MIMX8QM6xxxFF/devices/MIMX8QM6/scfw_api/svc/rm/rm_rpc_clnt.c.obj
LOAD CMakeFiles/rpmsg_lite_pingpong_rtos_sdk_remote.elf.dir/home/create/NIO/cortex-m/SDK_2_9_0_MIMX8QM6xxxFF/devices/MIMX8QM6/scfw_api/svc/seco/seco_rpc_clnt.c.obj
LOAD CMakeFiles/rpmsg_lite_pingpong_rtos_sdk_remote.elf.dir/home/create/NIO/cortex-m/SDK_2_9_0_MIMX8QM6xxxFF/devices/MIMX8QM6/scfw_api/svc/timer/timer_rpc_clnt.c.obj
LOAD CMakeFiles/rpmsg_lite_pingpong_rtos_sdk_remote.elf.dir/home/create/NIO/cortex-m/SDK_2_9_0_MIMX8QM6xxxFF/devices/MIMX8QM6/utilities/fsl_assert.c.obj
LOAD CMakeFiles/rpmsg_lite_pingpong_rtos_sdk_remote.elf.dir/home/create/NIO/cortex-m/SDK_2_9_0_MIMX8QM6xxxFF/devices/MIMX8QM6/utilities/str/fsl_str.c.obj
LOAD CMakeFiles/rpmsg_lite_pingpong_rtos_sdk_remote.elf.dir/home/create/NIO/cortex-m/SDK_2_9_0_MIMX8QM6xxxFF/devices/MIMX8QM6/utilities/debug_console/fsl_debug_console.c.obj
LOAD CMakeFiles/rpmsg_lite_pingpong_rtos_sdk_remote.elf.dir/home/create/NIO/cortex-m/SDK_2_9_0_MIMX8QM6xxxFF/components/serial_manager/fsl_component_serial_manager.c.obj
LOAD CMakeFiles/rpmsg_lite_pingpong_rtos_sdk_remote.elf.dir/home/create/NIO/cortex-m/SDK_2_9_0_MIMX8QM6xxxFF/components/serial_manager/fsl_component_serial_port_uart.c.obj
LOAD CMakeFiles/rpmsg_lite_pingpong_rtos_sdk_remote.elf.dir/home/create/NIO/cortex-m/SDK_2_9_0_MIMX8QM6xxxFF/components/uart/fsl_adapter_lpuart.c.obj
LOAD CMakeFiles/rpmsg_lite_pingpong_rtos_sdk_remote.elf.dir/home/create/NIO/cortex-m/SDK_2_9_0_MIMX8QM6xxxFF/components/lists/fsl_component_generic_list.c.obj
LOAD CMakeFiles/rpmsg_lite_pingpong_rtos_sdk_remote.elf.dir/home/create/NIO/cortex-m/SDK_2_9_0_MIMX8QM6xxxFF/devices/MIMX8QM6/drivers/fsl_intmux.c.obj
LOAD CMakeFiles/rpmsg_lite_pingpong_rtos_sdk_remote.elf.dir/home/create/NIO/cortex-m/SDK_2_9_0_MIMX8QM6xxxFF/components/srtm/port/srtm_heap_freertos.c.obj
LOAD CMakeFiles/rpmsg_lite_pingpong_rtos_sdk_remote.elf.dir/home/create/NIO/cortex-m/SDK_2_9_0_MIMX8QM6xxxFF/components/srtm/port/srtm_mutex_freertos.c.obj
LOAD CMakeFiles/rpmsg_lite_pingpong_rtos_sdk_remote.elf.dir/home/create/NIO/cortex-m/SDK_2_9_0_MIMX8QM6xxxFF/components/srtm/port/srtm_sem_freertos.c.obj
LOAD CMakeFiles/rpmsg_lite_pingpong_rtos_sdk_remote.elf.dir/home/create/NIO/cortex-m/SDK_2_9_0_MIMX8QM6xxxFF/components/srtm/srtm/srtm_channel.c.obj
LOAD CMakeFiles/rpmsg_lite_pingpong_rtos_sdk_remote.elf.dir/home/create/NIO/cortex-m/SDK_2_9_0_MIMX8QM6xxxFF/components/srtm/srtm/srtm_dispatcher.c.obj
LOAD CMakeFiles/rpmsg_lite_pingpong_rtos_sdk_remote.elf.dir/home/create/NIO/cortex-m/SDK_2_9_0_MIMX8QM6xxxFF/components/srtm/srtm/srtm_message.c.obj
LOAD CMakeFiles/rpmsg_lite_pingpong_rtos_sdk_remote.elf.dir/home/create/NIO/cortex-m/SDK_2_9_0_MIMX8QM6xxxFF/components/srtm/srtm/srtm_peercore.c.obj
LOAD CMakeFiles/rpmsg_lite_pingpong_rtos_sdk_remote.elf.dir/home/create/NIO/cortex-m/SDK_2_9_0_MIMX8QM6xxxFF/components/srtm/srtm/srtm_service.c.obj
LOAD CMakeFiles/rpmsg_lite_pingpong_rtos_sdk_remote.elf.dir/home/create/NIO/cortex-m/SDK_2_9_0_MIMX8QM6xxxFF/components/srtm/port/srtm_message_pool.c.obj
LOAD CMakeFiles/rpmsg_lite_pingpong_rtos_sdk_remote.elf.dir/home/create/NIO/cortex-m/SDK_2_9_0_MIMX8QM6xxxFF/devices/MIMX8QM6/drivers/fsl_lpi2c.c.obj
LOAD CMakeFiles/rpmsg_lite_pingpong_rtos_sdk_remote.elf.dir/home/create/NIO/cortex-m/SDK_2_9_0_MIMX8QM6xxxFF/devices/MIMX8QM6/drivers/fsl_lpi2c_freertos.c.obj
LOAD CMakeFiles/rpmsg_lite_pingpong_rtos_sdk_remote.elf.dir/home/create/NIO/cortex-m/SDK_2_9_0_MIMX8QM6xxxFF/middleware/multicore/rpmsg_lite/lib/rpmsg_lite/porting/platform/imx8qm_m4/rpmsg_platform.c.obj
LOAD CMakeFiles/rpmsg_lite_pingpong_rtos_sdk_remote.elf.dir/home/create/NIO/cortex-m/SDK_2_9_0_MIMX8QM6xxxFF/middleware/multicore/rpmsg_lite/lib/common/llist.c.obj
LOAD CMakeFiles/rpmsg_lite_pingpong_rtos_sdk_remote.elf.dir/home/create/NIO/cortex-m/SDK_2_9_0_MIMX8QM6xxxFF/middleware/multicore/rpmsg_lite/lib/rpmsg_lite/rpmsg_lite.c.obj
LOAD CMakeFiles/rpmsg_lite_pingpong_rtos_sdk_remote.elf.dir/home/create/NIO/cortex-m/SDK_2_9_0_MIMX8QM6xxxFF/middleware/multicore/rpmsg_lite/lib/rpmsg_lite/rpmsg_ns.c.obj
LOAD CMakeFiles/rpmsg_lite_pingpong_rtos_sdk_remote.elf.dir/home/create/NIO/cortex-m/SDK_2_9_0_MIMX8QM6xxxFF/middleware/multicore/rpmsg_lite/lib/virtio/virtqueue.c.obj
LOAD CMakeFiles/rpmsg_lite_pingpong_rtos_sdk_remote.elf.dir/home/create/NIO/cortex-m/SDK_2_9_0_MIMX8QM6xxxFF/middleware/multicore/rpmsg_lite/lib/rpmsg_lite/porting/environment/rpmsg_env_freertos.c.obj
LOAD CMakeFiles/rpmsg_lite_pingpong_rtos_sdk_remote.elf.dir/home/create/NIO/cortex-m/SDK_2_9_0_MIMX8QM6xxxFF/middleware/multicore/rpmsg_lite/lib/rpmsg_lite/rpmsg_queue.c.obj
LOAD CMakeFiles/rpmsg_lite_pingpong_rtos_sdk_remote.elf.dir/home/create/NIO/cortex-m/SDK_2_9_0_MIMX8QM6xxxFF/rtos/freertos/freertos_kernel/portable/MemMang/heap_4.c.obj
LOAD CMakeFiles/rpmsg_lite_pingpong_rtos_sdk_remote.elf.dir/home/create/NIO/cortex-m/SDK_2_9_0_MIMX8QM6xxxFF/devices/MIMX8QM6/utilities/fsl_sbrk.c.obj
START GROUP
LOAD /home/create/NIO/cortex-m/toolchain/arm-gnu-toolchain-14.3.rel1-x86_64-arm-none-eabi/bin/../lib/gcc/arm-none-eabi/14.3.1/../../../../arm-none-eabi/lib/thumb/v7e-m+fp/hard/libm.a
LOAD /home/create/NIO/cortex-m/toolchain/arm-gnu-toolchain-14.3.rel1-x86_64-arm-none-eabi/bin/../lib/gcc/arm-none-eabi/14.3.1/../../../../arm-none-eabi/lib/thumb/v7e-m+fp/hard/libc_nano.a
LOAD /home/create/NIO/cortex-m/toolchain/arm-gnu-toolchain-14.3.rel1-x86_64-arm-none-eabi/bin/../lib/gcc/arm-none-eabi/14.3.1/thumb/v7e-m+fp/hard/libgcc.a
LOAD /home/create/NIO/cortex-m/toolchain/arm-gnu-toolchain-14.3.rel1-x86_64-arm-none-eabi/bin/../lib/gcc/arm-none-eabi/14.3.1/../../../../arm-none-eabi/lib/thumb/v7e-m+fp/hard/libnosys.a
END GROUP
START GROUP
LOAD /home/create/NIO/cortex-m/toolchain/arm-gnu-toolchain-14.3.rel1-x86_64-arm-none-eabi/bin/../lib/gcc/arm-none-eabi/14.3.1/thumb/v7e-m+fp/hard/libgcc.a
LOAD /home/create/NIO/cortex-m/toolchain/arm-gnu-toolchain-14.3.rel1-x86_64-arm-none-eabi/bin/../lib/gcc/arm-none-eabi/14.3.1/../../../../arm-none-eabi/lib/thumb/v7e-m+fp/hard/libg_nano.a
LOAD /home/create/NIO/cortex-m/toolchain/arm-gnu-toolchain-14.3.rel1-x86_64-arm-none-eabi/bin/../lib/gcc/arm-none-eabi/14.3.1/../../../../arm-none-eabi/lib/thumb/v7e-m+fp/hard/libc_nano.a
END GROUP
START GROUP
LOAD /home/create/NIO/cortex-m/toolchain/arm-gnu-toolchain-14.3.rel1-x86_64-arm-none-eabi/bin/../lib/gcc/arm-none-eabi/14.3.1/thumb/v7e-m+fp/hard/libgcc.a
LOAD /home/create/NIO/cortex-m/toolchain/arm-gnu-toolchain-14.3.rel1-x86_64-arm-none-eabi/bin/../lib/gcc/arm-none-eabi/14.3.1/../../../../arm-none-eabi/lib/thumb/v7e-m+fp/hard/libc_nano.a
LOAD /home/create/NIO/cortex-m/toolchain/arm-gnu-toolchain-14.3.rel1-x86_64-arm-none-eabi/bin/../lib/gcc/arm-none-eabi/14.3.1/../../../../arm-none-eabi/lib/thumb/v7e-m+fp/hard/libnosys.a
END GROUP
START GROUP
LOAD /home/create/NIO/cortex-m/toolchain/arm-gnu-toolchain-14.3.rel1-x86_64-arm-none-eabi/bin/../lib/gcc/arm-none-eabi/14.3.1/thumb/v7e-m+fp/hard/libgcc.a
LOAD /home/create/NIO/cortex-m/toolchain/arm-gnu-toolchain-14.3.rel1-x86_64-arm-none-eabi/bin/../lib/gcc/arm-none-eabi/14.3.1/../../../../arm-none-eabi/lib/thumb/v7e-m+fp/hard/libc_nano.a
LOAD /home/create/NIO/cortex-m/toolchain/arm-gnu-toolchain-14.3.rel1-x86_64-arm-none-eabi/bin/../lib/gcc/arm-none-eabi/14.3.1/../../../../arm-none-eabi/lib/thumb/v7e-m+fp/hard/libnosys.a
END GROUP
LOAD /home/create/NIO/cortex-m/toolchain/arm-gnu-toolchain-14.3.rel1-x86_64-arm-none-eabi/bin/../lib/gcc/arm-none-eabi/14.3.1/thumb/v7e-m+fp/hard/crtend.o
LOAD /home/create/NIO/cortex-m/toolchain/arm-gnu-toolchain-14.3.rel1-x86_64-arm-none-eabi/bin/../lib/gcc/arm-none-eabi/14.3.1/thumb/v7e-m+fp/hard/crtn.o
                0x00000400                        HEAP_SIZE = DEFINED (__heap_size__)?__heap_size__:0x400
                0x00000400                        STACK_SIZE = DEFINED (__stack_size__)?__stack_size__:0x400

.interrupts     0x1ffe0000      0xa00
                0x1ffe0000                        . = ALIGN (0x8)
 *(.isr_vector)
 .isr_vector    0x1ffe0000      0xa00 CMakeFiles/rpmsg_lite_pingpong_rtos_sdk_remote.elf.dir/home/create/NIO/cortex-m/SDK_2_9_0_MIMX8QM6xxxFF/devices/MIMX8QM6/gcc/startup_MIMX8QM6_cm4_core1.S.obj
                0x1ffe0000                __isr_vector
                0x1ffe0a00                        . = ALIGN (0x8)

.resource_table
                0x1ffe0a00       0xa0
                0x1ffe0a00                        . = ALIGN (0x8)
 *(.resource_table)
 .resource_table
                0x1ffe0a00       0xa0 CMakeFiles/rpmsg_lite_pingpong_rtos_sdk_remote.elf.dir/home/create/NIO/cortex-m/SDK_2_9_0_MIMX8QM6xxxFF/boards/mekmimx8qm/multicore_examples/rpmsg_lite_pingpong_rtos/sdk_remote/cm4_core1/rsc_table.c.obj
                0x1ffe0a00                resources
                0x1ffe0aa0                        . = ALIGN (0x8)

.text           0x1ffe0aa0    0x11428
                0x1ffe0aa0                        . = ALIGN (0x8)
 *(.text)
 .text          0x1ffe0aa0       0x7c /home/create/NIO/cortex-m/toolchain/arm-gnu-toolchain-14.3.rel1-x86_64-arm-none-eabi/bin/../lib/gcc/arm-none-eabi/14.3.1/../../../../arm-none-eabi/lib/thumb/v7e-m+fp/hard/crt0.o
                0x1ffe0aa0                _stack_init
                0x1ffe0aa8                _mainCRTStartup
                0x1ffe0aa8                _start
 .text          0x1ffe0b1c      0x5f4 CMakeFiles/rpmsg_lite_pingpong_rtos_sdk_remote.elf.dir/home/create/NIO/cortex-m/SDK_2_9_0_MIMX8QM6xxxFF/devices/MIMX8QM6/gcc/startup_MIMX8QM6_cm4_core1.S.obj
                0x1ffe0b1c                Reset_Handler
                0x1ffe0bdc                Reserved18_IRQHandler
                0x1ffe0bdc                Reserved96_IRQHandler
                0x1ffe0bdc                IMAGING_MJPEG_DEC2_INT_IRQHandler
                0x1ffe0bdc                CONNECTIVITY_USB3_INT_IRQHandler
                0x1ffe0bdc                M4_0_INT_OUT5_IRQHandler
                0x1ffe0bdc                LSIO_MU10_INT_B_IRQHandler
                0x1ffe0bdc                Reserved512_IRQHandler
                0x1ffe0bdc                CONNECTIVITY_USDHC1_INT_DriverIRQHandler
                0x1ffe0bdc                LSIO_MU2_INT_IRQHandler
                0x1ffe0bdc                Reserved16_IRQHandler
                0x1ffe0bdc                AUDIO_GPT1_INT_IRQHandler
                0x1ffe0bdc                DebugMon_Handler
                0x1ffe0bdc                AUDIO_SAI0_INT_DriverIRQHandler
                0x1ffe0bdc                AUDIO_SAI7_MOD_INT_DriverIRQHandler
                0x1ffe0bdc                Reserved88_IRQHandler
                0x1ffe0bdc                AUDIO_ESAI0_MOD_INT_DriverIRQHandler
                0x1ffe0bdc                Reserved243_IRQHandler
                0x1ffe0bdc                SECURITY_MU2_A_INT_IRQHandler
                0x1ffe0bdc                M4_1_INTMUX_SOURCE_TPM_DriverIRQHandler
                0x1ffe0bdc                Reserved347_IRQHandler
                0x1ffe0bdc                AUDIO_ESAI1_MOD_INT_DriverIRQHandler
                0x1ffe0bdc                Reserved153_IRQHandler
                0x1ffe0bdc                DISPLAY0_INT_OUT1_IRQHandler
                0x1ffe0bdc                DISPLAY1_INT_OUT7_IRQHandler
                0x1ffe0bdc                M4_0_INT_OUT6_IRQHandler
                0x1ffe0bdc                LSIO_MU13_INT_B_IRQHandler
                0x1ffe0bdc                HSIO_PCIEB_DMA_INT_DriverIRQHandler
                0x1ffe0bdc                Reserved76_IRQHandler
                0x1ffe0bdc                Reserved86_IRQHandler
                0x1ffe0bdc                Reserved295_IRQHandler
                0x1ffe0bdc                LSIO_PWM1_INT_IRQHandler
                0x1ffe0bdc                Reserved248_IRQHandler
                0x1ffe0bdc                Reserved85_IRQHandler
                0x1ffe0bdc                Reserved64_IRQHandler
                0x1ffe0bdc                Reserved376_IRQHandler
                0x1ffe0bdc                AUDIO_SAI3_MOD_INT_DriverIRQHandler
                0x1ffe0bdc                Reserved234_IRQHandler
                0x1ffe0bdc                DISPLAY1_INT_OUT0_IRQHandler
                0x1ffe0bdc                AUDIO_GPT0_INT_IRQHandler
                0x1ffe0bdc                Reserved225_IRQHandler
                0x1ffe0bdc                DMA_EDMA1_INT_DriverIRQHandler
                0x1ffe0bdc                GPU1_XAQ2_INTR_IRQHandler
                0x1ffe0bdc                M4_1_MU0_B3_IRQHandler
                0x1ffe0bdc                IMAGING_MJPEG_DEC1_INT_IRQHandler
                0x1ffe0bdc                VPU_SYS_INT0_IRQHandler
                0x1ffe0bdc                M4_1_INTMUX_SOURCE_LPUART_DriverIRQHandler
                0x1ffe0bdc                M4_1_INT_OUT3_IRQHandler
                0x1ffe0bdc                Reserved308_IRQHandler
                0x1ffe0bdc                DRC1_PERF_CNT_FULL_IRQHandler
                0x1ffe0bdc                Reserved293_IRQHandler
                0x1ffe0bdc                M4_0_INT_OUT3_IRQHandler
                0x1ffe0bdc                DMA_SPI0_INT_DriverIRQHandler
                0x1ffe0bdc                Reserved114_IRQHandler
                0x1ffe0bdc                M4_1_INT_OUT2_IRQHandler
                0x1ffe0bdc                Reserved604_IRQHandler
                0x1ffe0bdc                SCU_INT_OUT4_IRQHandler
                0x1ffe0bdc                Reserved19_IRQHandler
                0x1ffe0bdc                LSIO_GPIO_INT3_IRQHandler
                0x1ffe0bdc                Reserved578_IRQHandler
                0x1ffe0bdc                LSIO_MU8_INT_A_IRQHandler
                0x1ffe0bdc                Reserved74_IRQHandler
                0x1ffe0bdc                Reserved89_IRQHandler
                0x1ffe0bdc                M4_1_INTMUX_SOURCE_MU0_A3_DriverIRQHandler
                0x1ffe0bdc                LSIO_KPP_INT_IRQHandler
                0x1ffe0bdc                Reserved59_IRQHandler
                0x1ffe0bdc                Reserved79_IRQHandler
                0x1ffe0bdc                DISPLAY0_INT_OUT9_IRQHandler
                0x1ffe0bdc                LSIO_MU11_INT_B_IRQHandler
                0x1ffe0bdc                Reserved29_IRQHandler
                0x1ffe0bdc                Reserved272_IRQHandler
                0x1ffe0bdc                IMAGING_PDMA_STREAM3_INT_DriverIRQHandler
                0x1ffe0bdc                SCU_SYS_COUNT_INT3_IRQHandler
                0x1ffe0bdc                Reserved571_IRQHandler
                0x1ffe0bdc                SECURITY_MU1_A_INT_IRQHandler
                0x1ffe0bdc                Reserved309_IRQHandler
                0x1ffe0bdc                DISPLAY0_INT_OUT2_IRQHandler
                0x1ffe0bdc                Reserved68_IRQHandler
                0x1ffe0bdc                DMA_UART4_MOD_INT_DriverIRQHandler
                0x1ffe0bdc                A53_NINTERRIRQ_IRQHandler
                0x1ffe0bdc                IMAGING_MJPEG_DEC0_INT_IRQHandler
                0x1ffe0bdc                Reserved77_IRQHandler
                0x1ffe0bdc                M4_1_INT_OUT7_IRQHandler
                0x1ffe0bdc                Reserved84_IRQHandler
                0x1ffe0bdc                AUDIO_SAI_HDMI_RX_INT_DriverIRQHandler
                0x1ffe0bdc                Reserved381_IRQHandler
                0x1ffe0bdc                LSIO_MU4_INT_IRQHandler
                0x1ffe0bdc                DMA_SIM1_MOD_INT_DriverIRQHandler
                0x1ffe0bdc                Reserved155_IRQHandler
                0x1ffe0bdc                M4_1_INT_OUT5_IRQHandler
                0x1ffe0bdc                HSIO_PCIEA_INT_C_IRQHandler
                0x1ffe0bdc                DMA_SIM0_MOD_INT_DriverIRQHandler
                0x1ffe0bdc                IMAGING_MJPEG_ENC3_INT_IRQHandler
                0x1ffe0bdc                Reserved92_IRQHandler
                0x1ffe0bdc                IMAGING_PDMA_STREAM5_INT_DriverIRQHandler
                0x1ffe0bdc                Reserved42_IRQHandler
                0x1ffe0bdc                Reserved36_IRQHandler
                0x1ffe0bdc                Reserved22_IRQHandler
                0x1ffe0bdc                CONNECTIVITY_ENET1_FRAME1_INT_DriverIRQHandler
                0x1ffe0bdc                SCU_INT_OUT3_IRQHandler
                0x1ffe0bdc                Reserved75_IRQHandler
                0x1ffe0bdc                DMA_ADC1_INT_DriverIRQHandler
                0x1ffe0bdc                Reserved280_IRQHandler
                0x1ffe0bdc                LSIO_MU7_INT_A_IRQHandler
                0x1ffe0bdc                LSIO_PWM2_INT_IRQHandler
                0x1ffe0bdc                Reserved294_IRQHandler
                0x1ffe0bdc                DISPLAY1_INT_OUT4_IRQHandler
                0x1ffe0bdc                Reserved233_IRQHandler
                0x1ffe0bdc                Reserved596_IRQHandler
                0x1ffe0bdc                Reserved224_IRQHandler
                0x1ffe0bdc                Reserved39_IRQHandler
                0x1ffe0bdc                Reserved310_IRQHandler
                0x1ffe0bdc                VPU_VPU_INT_0_IRQHandler
                0x1ffe0bdc                AUDIO_GPT4_INT_IRQHandler
                0x1ffe0bdc                UsageFault_Handler
                0x1ffe0bdc                AUDIO_SAI1_MOD_INT_DriverIRQHandler
                0x1ffe0bdc                Reserved265_IRQHandler
                0x1ffe0bdc                LSIO_MU9_INT_A_IRQHandler
                0x1ffe0bdc                AUDIO_ASRC0_INT1_IRQHandler
                0x1ffe0bdc                AUDIO_SPDIF0_TX_MOD_INT_DriverIRQHandler
                0x1ffe0bdc                LSIO_MU11_INT_A_IRQHandler
                0x1ffe0bdc                DMA_FLEXCAN2_MOD_INT_DriverIRQHandler
                0x1ffe0bdc                Reserved57_IRQHandler
                0x1ffe0bdc                M4_1_INT_OUT4_IRQHandler
                0x1ffe0bdc                VPU_VPU_INT_1_IRQHandler
                0x1ffe0bdc                DefaultISR
                0x1ffe0bdc                MIPI_DSI0_INT_OUT_DriverIRQHandler
                0x1ffe0bdc                Reserved250_IRQHandler
                0x1ffe0bdc                Reserved34_IRQHandler
                0x1ffe0bdc                Reserved58_IRQHandler
                0x1ffe0bdc                AUDIO_SAI_HDMI_TX_INT_DriverIRQHandler
                0x1ffe0bdc                Reserved264_IRQHandler
                0x1ffe0bdc                M4_1_MU0_B0_IRQHandler
                0x1ffe0bdc                AUDIO_SPDIF1_TX_MOD_INT_DriverIRQHandler
                0x1ffe0bdc                AUDIO_SAI_HDMI_RX_MOD_INT_DriverIRQHandler
                0x1ffe0bdc                Reserved392_IRQHandler
                0x1ffe0bdc                DISPLAY1_INT_OUT3_IRQHandler
                0x1ffe0bdc                Reserved82_IRQHandler
                0x1ffe0bdc                Reserved25_IRQHandler
                0x1ffe0bdc                Reserved298_IRQHandler
                0x1ffe0bdc                Reserved24_IRQHandler
                0x1ffe0bdc                Reserved582_IRQHandler
                0x1ffe0bdc                Reserved581_IRQHandler
                0x1ffe0bdc                Reserved591_IRQHandler
                0x1ffe0bdc                HSIO_PCIEA_SMLH_REQ_RST_IRQHandler
                0x1ffe0bdc                Reserved71_IRQHandler
                0x1ffe0bdc                LSIO_PWM4_INT_IRQHandler
                0x1ffe0bdc                Reserved69_IRQHandler
                0x1ffe0bdc                DMA_SIM0_INT_DriverIRQHandler
                0x1ffe0bdc                DISPLAY0_INT_OUT12_IRQHandler
                0x1ffe0bdc                CCI_NEVNTCNTOVERFLOW0_IRQHandler
                0x1ffe0bdc                DMA_I2C0_MOD_INT_DriverIRQHandler
                0x1ffe0bdc                DMA_UART2_MOD_INT_DriverIRQHandler
                0x1ffe0bdc                DBLOG_PERF_IRPT_IMX8_2_IRQHandler
                0x1ffe0bdc                AUDIO_SAI7_INT_DriverIRQHandler
                0x1ffe0bdc                HSIO_PCIEA_INT_A_IRQHandler
                0x1ffe0bdc                SCU_SYS_COUNT_INT2_IRQHandler
                0x1ffe0bdc                Reserved33_IRQHandler
                0x1ffe0bdc                Reserved274_IRQHandler
                0x1ffe0bdc                Reserved70_IRQHandler
                0x1ffe0bdc                HSIO_PCIEB_MSI_CTRL_INT_IRQHandler
                0x1ffe0bdc                LSIO_GPT0_INT_IRQHandler
                0x1ffe0bdc                CCI_NERRORIRQ_IRQHandler
                0x1ffe0bdc                Reserved590_IRQHandler
                0x1ffe0bdc                SCU_SYS_COUNT_INT0_IRQHandler
                0x1ffe0bdc                DISPLAY1_INT_OUT5_IRQHandler
                0x1ffe0bdc                Reserved377_IRQHandler
                0x1ffe0bdc                DBLOG_PERF_IRPT_IMX8_1_IRQHandler
                0x1ffe0bdc                MIPI_CSI0_OUT_INT_IRQHandler
                0x1ffe0bdc                LSIO_GPT3_INT_IRQHandler
                0x1ffe0bdc                DRC0_PERF_CNT_FULL_IRQHandler
                0x1ffe0bdc                Reserved232_IRQHandler
                0x1ffe0bdc                Reserved389_IRQHandler
                0x1ffe0bdc                DMA_FTM0_MOD_INT_DriverIRQHandler
                0x1ffe0bdc                HSIO_PCIEB_INT_D_IRQHandler
                0x1ffe0bdc                AUDIO_GPT5_INT_IRQHandler
                0x1ffe0bdc                LSIO_PWM5_INT_IRQHandler
                0x1ffe0bdc                M4_1_MCM_IRQHandler
                0x1ffe0bdc                A53_NEXTERRIRQ_IRQHandler
                0x1ffe0bdc                LSIO_GPIO_INT5_IRQHandler
                0x1ffe0bdc                CONNECTIVITY_ENET0_FRAME0_EVENT_INT_DriverIRQHandler
                0x1ffe0bdc                DISPLAY0_INT_OUT10_IRQHandler
                0x1ffe0bdc                AUDIO_SPDIF1_TX_INT_DriverIRQHandler
                0x1ffe0bdc                Reserved78_IRQHandler
                0x1ffe0bdc                AUDIO_ASRC0_INT2_IRQHandler
                0x1ffe0bdc                DBLOG_GBL_FLT_IRPT_NS_IRQHandler
                0x1ffe0bdc                HDMI_RX_OUT_INT_IRQHandler
                0x1ffe0bdc                LSIO_OCTASPI0_INT_DriverIRQHandler
                0x1ffe0bdc                IMAGING_PDMA_STREAM2_INT_DriverIRQHandler
                0x1ffe0bdc                DMA_UART1_MOD_INT_DriverIRQHandler
                0x1ffe0bdc                DMA_SPI0_MOD_INT_DriverIRQHandler
                0x1ffe0bdc                Reserved606_IRQHandler
                0x1ffe0bdc                Reserved95_IRQHandler
                0x1ffe0bdc                LSIO_PWM6_INT_IRQHandler
                0x1ffe0bdc                Reserved384_IRQHandler
                0x1ffe0bdc                MIPI_CSI1_OUT_INT_IRQHandler
                0x1ffe0bdc                Reserved27_IRQHandler
                0x1ffe0bdc                Reserved154_IRQHandler
                0x1ffe0bdc                LSIO_GPIO_INT1_IRQHandler
                0x1ffe0bdc                HSIO_PCIEA_MSI_CTRL_INT_IRQHandler
                0x1ffe0bdc                LSIO_MU12_INT_A_IRQHandler
                0x1ffe0bdc                M4_0_INT_OUT1_IRQHandler
                0x1ffe0bdc                DMA_FTM1_MOD_INT_DriverIRQHandler
                0x1ffe0bdc                AUDIO_SPDIF0_TX_INT_DriverIRQHandler
                0x1ffe0bdc                IMAGING_PDMA_STREAM6_INT_DriverIRQHandler
                0x1ffe0bdc                DISPLAY0_INT_OUT3_IRQHandler
                0x1ffe0bdc                M4_0_INT_OUT2_IRQHandler
                0x1ffe0bdc                Reserved579_IRQHandler
                0x1ffe0bdc                SECURITY_MU3_A_INT_IRQHandler
                0x1ffe0bdc                M4_1_INTMUX_SOURCE_MU0_A0_DriverIRQHandler
                0x1ffe0bdc                IMAGING_MSI_INT_IRQHandler
                0x1ffe0bdc                DMA_UART3_MOD_INT_DriverIRQHandler
                0x1ffe0bdc                Reserved297_IRQHandler
                0x1ffe0bdc                LSIO_GPIO_INT7_IRQHandler
                0x1ffe0bdc                DRC1_DFI_ALERT_ERR_IRQHandler
                0x1ffe0bdc                DISPLAY1_INT_OUT9_IRQHandler
                0x1ffe0bdc                LSIO_MU8_INT_B_IRQHandler
                0x1ffe0bdc                Reserved72_IRQHandler
                0x1ffe0bdc                Reserved585_IRQHandler
                0x1ffe0bdc                Reserved296_IRQHandler
                0x1ffe0bdc                DISPLAY0_INT_OUT4_IRQHandler
                0x1ffe0bdc                DISPLAY0_INT_OUT11_IRQHandler
                0x1ffe0bdc                Reserved603_IRQHandler
                0x1ffe0bdc                Reserved382_IRQHandler
                0x1ffe0bdc                LSIO_OCTASPI1_INT_DriverIRQHandler
                0x1ffe0bdc                Reserved20_IRQHandler
                0x1ffe0bdc                Reserved249_IRQHandler
                0x1ffe0bdc                Reserved352_IRQHandler
                0x1ffe0bdc                HSIO_PCIEA_CLK_REQ_INT_IRQHandler
                0x1ffe0bdc                Reserved37_IRQHandler
                0x1ffe0bdc                CONNECTIVITY_USB_OTG_INT_IRQHandler
                0x1ffe0bdc                DRC0_DFI_ALERT_ERR_IRQHandler
                0x1ffe0bdc                DISPLAY1_RESERVED_IRQHandler
                0x1ffe0bdc                DMA_ADC0_INT_DriverIRQHandler
                0x1ffe0bdc                VPU_VPU_INT_5_IRQHandler
                0x1ffe0bdc                LVDS0_INT_OUT_IRQHandler
                0x1ffe0bdc                IMAGING_MJPEG_DEC3_INT_IRQHandler
                0x1ffe0bdc                HSIO_PCIEA_INT_B_IRQHandler
                0x1ffe0bdc                A72_NINTERRIRQ_IRQHandler
                0x1ffe0bdc                M4_1_MU0_B1_IRQHandler
                0x1ffe0bdc                Reserved98_IRQHandler
                0x1ffe0bdc                Reserved161_IRQHandler
                0x1ffe0bdc                Reserved17_IRQHandler
                0x1ffe0bdc                CONNECTIVITY_USDHC2_INT_DriverIRQHandler
                0x1ffe0bdc                CONNECTIVITY_ND_FLASH_GPMI_INT_IRQHandler
                0x1ffe0bdc                DMA_ADC0_MOD_INT_DriverIRQHandler
                0x1ffe0bdc                AUDIO_ASRC1_INT2_IRQHandler
                0x1ffe0bdc                HSIO_PCIEA_INT_D_IRQHandler
                0x1ffe0bdc                IMAGING_PDMA_STREAM4_INT_DriverIRQHandler
                0x1ffe0bdc                Reserved189_IRQHandler
                0x1ffe0bdc                SCU_INT_OUT6_IRQHandler
                0x1ffe0bdc                Reserved595_IRQHandler
                0x1ffe0bdc                DMA_ADC1_MOD_INT_DriverIRQHandler
                0x1ffe0bdc                Reserved47_IRQHandler
                0x1ffe0bdc                Reserved271_IRQHandler
                0x1ffe0bdc                VPU_NEXTERRIRQ_IRQHandler
                0x1ffe0bdc                M4_1_LPIT_IRQHandler
                0x1ffe0bdc                DISPLAY1_INT_OUT2_IRQHandler
                0x1ffe0bdc                M4_1_MU1_A_IRQHandler
                0x1ffe0bdc                M4_1_INTMUX_SOURCE_LPIT_DriverIRQHandler
                0x1ffe0bdc                IMAGING_PDMA_STREAM0_INT_DriverIRQHandler
                0x1ffe0bdc                Reserved599_IRQHandler
                0x1ffe0bdc                DMA_FTM0_INT_DriverIRQHandler
                0x1ffe0bdc                CONNECTIVITY_UTMI_INT_IRQHandler
                0x1ffe0bdc                VPU_SYS_INT1_IRQHandler
                0x1ffe0bdc                A72_NEXTERRIRQ_IRQHandler
                0x1ffe0bdc                Reserved32_IRQHandler
                0x1ffe0bdc                Reserved311_IRQHandler
                0x1ffe0bdc                Reserved354_IRQHandler
                0x1ffe0bdc                AUDIO_ESAI1_INT_DriverIRQHandler
                0x1ffe0bdc                Reserved190_IRQHandler
                0x1ffe0bdc                Reserved231_IRQHandler
                0x1ffe0bdc                Reserved282_IRQHandler
                0x1ffe0bdc                Reserved386_IRQHandler
                0x1ffe0bdc                Reserved513_IRQHandler
                0x1ffe0bdc                DISPLAY0_INT_OUT6_IRQHandler
                0x1ffe0bdc                Reserved594_IRQHandler
                0x1ffe0bdc                Reserved105_IRQHandler
                0x1ffe0bdc                AUDIO_ESAI0_INT_DriverIRQHandler
                0x1ffe0bdc                SECURITY_CAAM_RTIC_INT_IRQHandler
                0x1ffe0bdc                Reserved573_IRQHandler
                0x1ffe0bdc                AUDIO_SAI0_MOD_INT_DriverIRQHandler
                0x1ffe0bdc                Reserved269_IRQHandler
                0x1ffe0bdc                AUDIO_SAI2_INT_DriverIRQHandler
                0x1ffe0bdc                IMAGING_MJPEG_ENC0_INT_IRQHandler
                0x1ffe0bdc                Reserved104_IRQHandler
                0x1ffe0bdc                Reserved31_IRQHandler
                0x1ffe0bdc                LSIO_MU10_INT_A_IRQHandler
                0x1ffe0bdc                Reserved223_IRQHandler
                0x1ffe0bdc                DBLOG_GBL_FLT_IRPT_S_IRQHandler
                0x1ffe0bdc                HSIO_PCIEB_GPIO_WAKEUP0_IRQHandler
                0x1ffe0bdc                DBLOG_COMB_IRPT_NS_IRQHandler
                0x1ffe0bdc                SCU_INT_OUT7_IRQHandler
                0x1ffe0bdc                HSIO_SATA_INT2_IRQHandler
                0x1ffe0bdc                CONNECTIVITY_USDHC0_INT_DriverIRQHandler
                0x1ffe0bdc                HSIO_PCIEB_GPIO_WAKEUP1_IRQHandler
                0x1ffe0bdc                IMAGING_MJPEG_ENC1_INT_IRQHandler
                0x1ffe0bdc                CONNECTIVITY_USB_HOST_INT_IRQHandler
                0x1ffe0bdc                VPU_VPU_INT_6_IRQHandler
                0x1ffe0bdc                CONNECTIVITY_ENET0_FRAME1_INT_DriverIRQHandler
                0x1ffe0bdc                CONNECTIVITY_ENET0_FRAME2_INT_DriverIRQHandler
                0x1ffe0bdc                SECURITY_CAAM_INT2_IRQHandler
                0x1ffe0bdc                LSIO_MU13_INT_A_IRQHandler
                0x1ffe0bdc                AUDIO_EDMA1_INT_DriverIRQHandler
                0x1ffe0bdc                CONNECTIVITY_MLB_AHB_INT_IRQHandler
                0x1ffe0bdc                DISPLAY1_INT_OUT10_IRQHandler
                0x1ffe0bdc                MemManage_Handler
                0x1ffe0bdc                Reserved90_IRQHandler
                0x1ffe0bdc                HSIO_PCIEB_INT_B_IRQHandler
                0x1ffe0bdc                Reserved83_IRQHandler
                0x1ffe0bdc                CONNECTIVITY_DTCP_INT_IRQHandler
                0x1ffe0bdc                Reserved185_IRQHandler
                0x1ffe0bdc                DMA_UART0_MOD_INT_DriverIRQHandler
                0x1ffe0bdc                Reserved514_IRQHandler
                0x1ffe0bdc                HSIO_PCIEA_GPIO_WAKEUP0_IRQHandler
                0x1ffe0bdc                Reserved379_IRQHandler
                0x1ffe0bdc                Reserved432_IRQHandler
                0x1ffe0bdc                AUDIO_SAI2_MOD_INT_DriverIRQHandler
                0x1ffe0bdc                Reserved244_IRQHandler
                0x1ffe0bdc                LSIO_PWM3_INT_IRQHandler
                0x1ffe0bdc                LSIO_GPT2_INT_IRQHandler
                0x1ffe0bdc                DMA_EDMA0_INT_DriverIRQHandler
                0x1ffe0bdc                AUDIO_UNUSED_IRQHandler
                0x1ffe0bdc                M4_1_SW_IRQHandler
                0x1ffe0bdc                DISPLAY0_INT_OUT7_IRQHandler
                0x1ffe0bdc                CCI_NEVNTCNTOVERFLOW2_IRQHandler
                0x1ffe0bdc                AUDIO_SAI6_INT_DriverIRQHandler
                0x1ffe0bdc                Reserved378_IRQHandler
                0x1ffe0bdc                DMA_I2C2_MOD_INT_DriverIRQHandler
                0x1ffe0bdc                CCI_NEVNTCNTOVERFLOW1_IRQHandler
                0x1ffe0bdc                Reserved97_IRQHandler
                0x1ffe0bdc                LSIO_MU5_INT_A_IRQHandler
                0x1ffe0bdc                CONNECTIVITY_WAKEUP_INT_IRQHandler
                0x1ffe0bdc                Reserved91_IRQHandler
                0x1ffe0bdc                M4_0_INT_OUT7_IRQHandler
                0x1ffe0bdc                VPU_VPU_INT_4_IRQHandler
                0x1ffe0bdc                Reserved390_IRQHandler
                0x1ffe0bdc                AUDIO_GPT2_INT_IRQHandler
                0x1ffe0bdc                Reserved391_IRQHandler
                0x1ffe0bdc                DMA_SPI2_INT_DriverIRQHandler
                0x1ffe0bdc                Reserved26_IRQHandler
                0x1ffe0bdc                Reserved152_IRQHandler
                0x1ffe0bdc                Reserved245_IRQHandler
                0x1ffe0bdc                DISPLAY1_INT_OUT1_IRQHandler
                0x1ffe0bdc                GPU0_XAQ2_INTR_IRQHandler
                0x1ffe0bdc                Reserved81_IRQHandler
                0x1ffe0bdc                AUDIO_SAI_HDMI_TX_MOD_INT_DriverIRQHandler
                0x1ffe0bdc                Reserved46_IRQHandler
                0x1ffe0bdc                Reserved273_IRQHandler
                0x1ffe0bdc                SECURITY_CAAM_INT0_IRQHandler
                0x1ffe0bdc                Reserved246_IRQHandler
                0x1ffe0bdc                Reserved314_IRQHandler
                0x1ffe0bdc                Reserved597_IRQHandler
                0x1ffe0bdc                CCI_NEVNTCNTOVERFLOW3_IRQHandler
                0x1ffe0bdc                Reserved598_IRQHandler
                0x1ffe0bdc                CONNECTIVITY_APBHDMA_DriverIRQHandler
                0x1ffe0bdc                Reserved394_IRQHandler
                0x1ffe0bdc                HDMI_TX_INT_OUT_IRQHandler
                0x1ffe0bdc                DMA_SIM1_INT_DriverIRQHandler
                0x1ffe0bdc                Reserved270_IRQHandler
                0x1ffe0bdc                Reserved23_IRQHandler
                0x1ffe0bdc                IMAGING_MJPEG_ENC2_INT_IRQHandler
                0x1ffe0bdc                Reserved266_IRQHandler
                0x1ffe0bdc                M4_1_INTMUX_SOURCE_LPI2C_DriverIRQHandler
                0x1ffe0bdc                LSIO_MU1_INT_IRQHandler
                0x1ffe0bdc                Reserved94_IRQHandler
                0x1ffe0bdc                Reserved226_IRQHandler
                0x1ffe0bdc                LSIO_PWM7_INT_IRQHandler
                0x1ffe0bdc                Reserved574_IRQHandler
                0x1ffe0bdc                M4_1_INT_OUT6_IRQHandler
                0x1ffe0bdc                LSIO_MU0_INT_IRQHandler
                0x1ffe0bdc                VPU_VPU_INT_3_IRQHandler
                0x1ffe0bdc                Reserved587_IRQHandler
                0x1ffe0bdc                Reserved434_IRQHandler
                0x1ffe0bdc                Reserved30_IRQHandler
                0x1ffe0bdc                CCI_NEVNTCNTOVERFLOW4_IRQHandler
                0x1ffe0bdc                Reserved73_IRQHandler
                0x1ffe0bdc                Reserved605_IRQHandler
                0x1ffe0bdc                HSIO_PCIEB_INT_A_IRQHandler
                0x1ffe0bdc                Reserved393_IRQHandler
                0x1ffe0bdc                DMA_I2C1_MOD_INT_DriverIRQHandler
                0x1ffe0bdc                Reserved600_IRQHandler
                0x1ffe0bdc                DBLOG_COMB_IRPT_S_IRQHandler
                0x1ffe0bdc                HSIO_PCIEA_DMA_INT_DriverIRQHandler
                0x1ffe0bdc                LSIO_MU3_INT_IRQHandler
                0x1ffe0bdc                SCU_SYS_COUNT_INT1_IRQHandler
                0x1ffe0bdc                CONNECTIVITY_ENET0_TIMER_INT_DriverIRQHandler
                0x1ffe0bdc                Reserved186_IRQHandler
                0x1ffe0bdc                LSIO_GPT4_INT_IRQHandler
                0x1ffe0bdc                AUDIO_SAI3_INT_DriverIRQHandler
                0x1ffe0bdc                SCU_INT_OUT1_IRQHandler
                0x1ffe0bdc                DISPLAY0_INT_OUT5_IRQHandler
                0x1ffe0bdc                VPU_VPU_INT_2_IRQHandler
                0x1ffe0bdc                SCU_INT_OUT0_IRQHandler
                0x1ffe0bdc                LSIO_MU9_INT_B_IRQHandler
                0x1ffe0bdc                LSIO_MU6_INT_A_IRQHandler
                0x1ffe0bdc                Reserved385_IRQHandler
                0x1ffe0bdc                Reserved601_IRQHandler
                0x1ffe0bdc                AUDIO_SAI1_INT_DriverIRQHandler
                0x1ffe0bdc                DMA_SPI1_INT_DriverIRQHandler
                0x1ffe0bdc                Reserved575_IRQHandler
                0x1ffe0bdc                Reserved106_IRQHandler
                0x1ffe0bdc                Reserved312_IRQHandler
                0x1ffe0bdc                DISPLAY1_INT_OUT12_IRQHandler
                0x1ffe0bdc                Reserved313_IRQHandler
                0x1ffe0bdc                M4_1_INT_OUT0_IRQHandler
                0x1ffe0bdc                AUDIO_GPT3_INT_IRQHandler
                0x1ffe0bdc                Reserved592_IRQHandler
                0x1ffe0bdc                DMA_FLEXCAN0_MOD_INT_DriverIRQHandler
                0x1ffe0bdc                LSIO_MU12_INT_B_IRQHandler
                0x1ffe0bdc                DMA_SPI2_MOD_INT_DriverIRQHandler
                0x1ffe0bdc                Reserved577_IRQHandler
                0x1ffe0bdc                AUDIO_SAI6_MOD_INT_DriverIRQHandler
                0x1ffe0bdc                LSIO_PWM0_INT_IRQHandler
                0x1ffe0bdc                SCU_INT_OUT5_IRQHandler
                0x1ffe0bdc                Reserved412_IRQHandler
                0x1ffe0bdc                DISPLAY1_INT_OUT6_IRQHandler
                0x1ffe0bdc                Reserved292_IRQHandler
                0x1ffe0bdc                CONNECTIVITY_ENET1_FRAME0_EVENT_INT_DriverIRQHandler
                0x1ffe0bdc                M4_0_INT_OUT0_IRQHandler
                0x1ffe0bdc                Reserved28_IRQHandler
                0x1ffe0bdc                Reserved80_IRQHandler
                0x1ffe0bdc                LSIO_GPIO_INT6_IRQHandler
                0x1ffe0bdc                LSIO_GPT1_INT_IRQHandler
                0x1ffe0bdc                Reserved353_IRQHandler
                0x1ffe0bdc                CONNECTIVITY_DMA_INT_DriverIRQHandler
                0x1ffe0bdc                HSIO_SATA_INT0_IRQHandler
                0x1ffe0bdc                Reserved44_IRQHandler
                0x1ffe0bdc                Reserved63_IRQHandler
                0x1ffe0bdc                VPU_VPU_INT_7_IRQHandler
                0x1ffe0bdc                HSIO_PCIEB_SMLH_REQ_RST_IRQHandler
                0x1ffe0bdc                Reserved247_IRQHandler
                0x1ffe0bdc                DMA_SPI3_INT_DriverIRQHandler
                0x1ffe0bdc                Reserved40_IRQHandler
                0x1ffe0bdc                LSIO_GPIO_INT0_IRQHandler
                0x1ffe0bdc                AUDIO_SPDIF1_RX_MOD_INT_DriverIRQHandler
                0x1ffe0bdc                AUDIO_SPDIF0_RX_MOD_INT_DriverIRQHandler
                0x1ffe0bdc                Reserved351_IRQHandler
                0x1ffe0bdc                CONNECTIVITY_MLB_INT_IRQHandler
                0x1ffe0bdc                SECURITY_CAAM_INT3_IRQHandler
                0x1ffe0bdc                Reserved350_IRQHandler
                0x1ffe0bdc                SECURITY_CAAM_INT1_IRQHandler
                0x1ffe0bdc                DBLOG_PERF_IRPT_IMX8_0_IRQHandler
                0x1ffe0bdc                DMA_FTM1_INT_DriverIRQHandler
                0x1ffe0bdc                DMA_FLEXCAN1_MOD_INT_DriverIRQHandler
                0x1ffe0bdc                Reserved56_IRQHandler
                0x1ffe0bdc                Reserved465_IRQHandler
                0x1ffe0bdc                M4_1_INTMUX_SOURCE_MU0_A2_DriverIRQHandler
                0x1ffe0bdc                DISPLAY0_INT_OUT0_IRQHandler
                0x1ffe0bdc                M4_0_INT_OUT4_IRQHandler
                0x1ffe0bdc                BusFault_Handler
                0x1ffe0bdc                Reserved87_IRQHandler
                0x1ffe0bdc                Reserved93_IRQHandler
                0x1ffe0bdc                DBLOG_PERF_IRPT_IMX8_3_IRQHandler
                0x1ffe0bdc                DISPLAY0_RESERVED_IRQHandler
                0x1ffe0bdc                Reserved395_IRQHandler
                0x1ffe0bdc                CONNECTIVITY_ND_FLASH_BCH_INT_IRQHandler
                0x1ffe0bdc                MIPI_DSI1_INT_OUT_DriverIRQHandler
                0x1ffe0bdc                AUDIO_EDMA0_INT_DriverIRQHandler
                0x1ffe0bdc                Reserved388_IRQHandler
                0x1ffe0bdc                Reserved383_IRQHandler
                0x1ffe0bdc                M4_1_INTMUX_SOURCE_MU0_A1_DriverIRQHandler
                0x1ffe0bdc                Reserved433_IRQHandler
                0x1ffe0bdc                Reserved593_IRQHandler
                0x1ffe0bdc                HSIO_PCIEB_CLK_REQ_INT_IRQHandler
                0x1ffe0bdc                Reserved589_IRQHandler
                0x1ffe0bdc                Reserved162_IRQHandler
                0x1ffe0bdc                DMA_SPI3_MOD_INT_DriverIRQHandler
                0x1ffe0bdc                AUDIO_SPDIF0_RX_INT_DriverIRQHandler
                0x1ffe0bdc                IMAGING_PDMA_STREAM1_INT_DriverIRQHandler
                0x1ffe0bdc                DMA_SPI1_MOD_INT_DriverIRQHandler
                0x1ffe0bdc                Reserved348_IRQHandler
                0x1ffe0bdc                AUDIO_ASRC1_INT1_IRQHandler
                0x1ffe0bdc                CONNECTIVITY_ENET1_FRAME2_INT_DriverIRQHandler
                0x1ffe0bdc                LSIO_GPIO_INT4_IRQHandler
                0x1ffe0bdc                LSIO_GPIO_INT2_IRQHandler
                0x1ffe0bdc                Reserved281_IRQHandler
                0x1ffe0bdc                M4_1_INT_OUT1_IRQHandler
                0x1ffe0bdc                AUDIO_SPDIF1_RX_INT_DriverIRQHandler
                0x1ffe0bdc                DMA_I2C3_MOD_INT_DriverIRQHandler
                0x1ffe0bdc                LSIO_MU5_INT_B_IRQHandler
                0x1ffe0bdc                Reserved380_IRQHandler
                0x1ffe0bdc                M4_1_MU0_B2_IRQHandler
                0x1ffe0bdc                Reserved349_IRQHandler
                0x1ffe0bdc                M4_1_TPM_IRQHandler
                0x1ffe0bdc                CONNECTIVITY_ENET1_TIMER_INT_DriverIRQHandler
                0x1ffe0bdc                SCU_INT_OUT2_IRQHandler
                0x1ffe0bdc                DISPLAY1_INT_OUT11_IRQHandler
                0x1ffe0bdc                DMA_I2C4_MOD_INT_DriverIRQHandler
                0x1ffe0bdc                HSIO_PCIEA_GPIO_WAKEUP1_IRQHandler
                0x1ffe0bdc                Reserved584_IRQHandler
                0x1ffe0bdc                Reserved572_IRQHandler
                0x1ffe0bdc                Reserved466_IRQHandler
                0x1ffe0bdc                Reserved602_IRQHandler
                0x1ffe0bdc                HSIO_PCIEB_INT_C_IRQHandler
                0x1ffe0bdc                LVDS1_INT_OUT_IRQHandler
                0x1ffe0bdc                Reserved576_IRQHandler
                0x1ffe0bdc                Reserved113_IRQHandler
                0x1ffe0bdc                IMAGING_PDMA_STREAM7_INT_DriverIRQHandler
                0x1ffe0bdc                Reserved67_IRQHandler
                0x1ffe0be0                NMI_Handler
                0x1ffe0be4                HardFault_Handler
                0x1ffe0bf4                M4_1_LPUART_IRQHandler
                0x1ffe0bf8                M4_1_LPI2C_IRQHandler
                0x1ffe0bfc                IRQSTEER_0_IRQHandler
                0x1ffe0c00                IRQSTEER_1_IRQHandler
                0x1ffe0c04                IRQSTEER_2_IRQHandler
                0x1ffe0c08                IRQSTEER_3_IRQHandler
                0x1ffe0c0c                IRQSTEER_4_IRQHandler
                0x1ffe0c10                IRQSTEER_5_IRQHandler
                0x1ffe0c14                IRQSTEER_6_IRQHandler
                0x1ffe0c18                IRQSTEER_7_IRQHandler
                0x1ffe0c1c                MIPI_DSI0_INT_OUT_IRQHandler
                0x1ffe0c20                MIPI_DSI1_INT_OUT_IRQHandler
                0x1ffe0c24                DMA_EDMA0_INT_IRQHandler
                0x1ffe0c28                DMA_EDMA0_ERR_INT_IRQHandler
                0x1ffe0c2c                DMA_EDMA1_INT_IRQHandler
                0x1ffe0c30                DMA_EDMA1_ERR_INT_IRQHandler
                0x1ffe0c34                HSIO_PCIEA_DMA_INT_IRQHandler
                0x1ffe0c38                LSIO_OCTASPI0_INT_IRQHandler
                0x1ffe0c3c                LSIO_OCTASPI1_INT_IRQHandler
                0x1ffe0c40                HSIO_PCIEB_DMA_INT_IRQHandler
                0x1ffe0c44                DMA_SPI0_INT_IRQHandler
                0x1ffe0c48                DMA_SPI1_INT_IRQHandler
                0x1ffe0c4c                DMA_SPI2_INT_IRQHandler
                0x1ffe0c50                DMA_SPI3_INT_IRQHandler
                0x1ffe0c54                DMA_I2C0_INT_IRQHandler
                0x1ffe0c58                DMA_I2C1_INT_IRQHandler
                0x1ffe0c5c                DMA_I2C2_INT_IRQHandler
                0x1ffe0c60                DMA_I2C3_INT_IRQHandler
                0x1ffe0c64                DMA_I2C4_INT_IRQHandler
                0x1ffe0c68                DMA_UART0_INT_IRQHandler
                0x1ffe0c6c                DMA_UART1_INT_IRQHandler
                0x1ffe0c70                DMA_UART2_INT_IRQHandler
                0x1ffe0c74                DMA_UART3_INT_IRQHandler
                0x1ffe0c78                DMA_UART4_INT_IRQHandler
                0x1ffe0c7c                DMA_SIM0_INT_IRQHandler
                0x1ffe0c80                DMA_SIM1_INT_IRQHandler
                0x1ffe0c84                CONNECTIVITY_USDHC0_INT_IRQHandler
                0x1ffe0c88                CONNECTIVITY_USDHC1_INT_IRQHandler
                0x1ffe0c8c                CONNECTIVITY_USDHC2_INT_IRQHandler
                0x1ffe0c90                DMA_FLEXCAN0_INT_IRQHandler
                0x1ffe0c94                DMA_FLEXCAN1_INT_IRQHandler
                0x1ffe0c98                DMA_FLEXCAN2_INT_IRQHandler
                0x1ffe0c9c                DMA_FTM0_INT_IRQHandler
                0x1ffe0ca0                DMA_FTM1_INT_IRQHandler
                0x1ffe0ca4                DMA_ADC0_INT_IRQHandler
                0x1ffe0ca8                DMA_ADC1_INT_IRQHandler
                0x1ffe0cac                DMA_EXTERNAL_DMA_INT_0_IRQHandler
                0x1ffe0cb0                DMA_EXTERNAL_DMA_INT_1_IRQHandler
                0x1ffe0cb4                DMA_EXTERNAL_DMA_INT_2_IRQHandler
                0x1ffe0cb8                DMA_EXTERNAL_DMA_INT_3_IRQHandler
                0x1ffe0cbc                DMA_EXTERNAL_DMA_INT_4_IRQHandler
                0x1ffe0cc0                DMA_EXTERNAL_DMA_INT_5_IRQHandler
                0x1ffe0cc4                CONNECTIVITY_ENET0_FRAME1_INT_IRQHandler
                0x1ffe0cc8                CONNECTIVITY_ENET0_FRAME2_INT_IRQHandler
                0x1ffe0ccc                CONNECTIVITY_ENET0_FRAME0_EVENT_INT_IRQHandler
                0x1ffe0cd0                CONNECTIVITY_ENET0_TIMER_INT_IRQHandler
                0x1ffe0cd4                CONNECTIVITY_ENET1_FRAME1_INT_IRQHandler
                0x1ffe0cd8                CONNECTIVITY_ENET1_FRAME2_INT_IRQHandler
                0x1ffe0cdc                CONNECTIVITY_ENET1_FRAME0_EVENT_INT_IRQHandler
                0x1ffe0ce0                CONNECTIVITY_ENET1_TIMER_INT_IRQHandler
                0x1ffe0ce4                CONNECTIVITY_APBHDMA_IRQHandler
                0x1ffe0ce8                CONNECTIVITY_DMA_INT_IRQHandler
                0x1ffe0cec                CONNECTIVITY_DMA_ERR_INT_IRQHandler
                0x1ffe0cf0                IMAGING_PDMA_STREAM0_INT_IRQHandler
                0x1ffe0cf4                IMAGING_PDMA_STREAM1_INT_IRQHandler
                0x1ffe0cf8                IMAGING_PDMA_STREAM2_INT_IRQHandler
                0x1ffe0cfc                IMAGING_PDMA_STREAM3_INT_IRQHandler
                0x1ffe0d00                IMAGING_PDMA_STREAM4_INT_IRQHandler
                0x1ffe0d04                IMAGING_PDMA_STREAM5_INT_IRQHandler
                0x1ffe0d08                IMAGING_PDMA_STREAM6_INT_IRQHandler
                0x1ffe0d0c                IMAGING_PDMA_STREAM7_INT_IRQHandler
                0x1ffe0d10                AUDIO_SAI0_MOD_INT_IRQHandler
                0x1ffe0d14                AUDIO_SAI0_DMA_INT_IRQHandler
                0x1ffe0d18                AUDIO_SAI1_MOD_INT_IRQHandler
                0x1ffe0d1c                AUDIO_SAI1_DMA_INT_IRQHandler
                0x1ffe0d20                AUDIO_SAI2_MOD_INT_IRQHandler
                0x1ffe0d24                AUDIO_SAI2_DMA_INT_IRQHandler
                0x1ffe0d28                AUDIO_SAI3_MOD_INT_IRQHandler
                0x1ffe0d2c                AUDIO_SAI3_DMA_INT_IRQHandler
                0x1ffe0d30                AUDIO_SAI_HDMI_RX_MOD_INT_IRQHandler
                0x1ffe0d34                AUDIO_SAI_HDMI_RX_DMA_INT_IRQHandler
                0x1ffe0d38                AUDIO_SAI_HDMI_TX_MOD_INT_IRQHandler
                0x1ffe0d3c                AUDIO_SAI_HDMI_TX_DMA_INT_IRQHandler
                0x1ffe0d40                AUDIO_SAI6_MOD_INT_IRQHandler
                0x1ffe0d44                AUDIO_SAI6_DMA_INT_IRQHandler
                0x1ffe0d48                AUDIO_SAI7_MOD_INT_IRQHandler
                0x1ffe0d4c                AUDIO_SAI7_DMA_INT_IRQHandler
                0x1ffe0d50                DMA_SPI0_MOD_INT_IRQHandler
                0x1ffe0d54                DMA_SPI1_MOD_INT_IRQHandler
                0x1ffe0d58                DMA_SPI2_MOD_INT_IRQHandler
                0x1ffe0d5c                DMA_SPI3_MOD_INT_IRQHandler
                0x1ffe0d60                DMA_I2C0_MOD_INT_IRQHandler
                0x1ffe0d64                DMA_I2C1_MOD_INT_IRQHandler
                0x1ffe0d68                DMA_I2C2_MOD_INT_IRQHandler
                0x1ffe0d6c                DMA_I2C3_MOD_INT_IRQHandler
                0x1ffe0d70                DMA_I2C4_MOD_INT_IRQHandler
                0x1ffe0d74                DMA_UART0_MOD_INT_IRQHandler
                0x1ffe0d78                DMA_UART1_MOD_INT_IRQHandler
                0x1ffe0d7c                DMA_UART2_MOD_INT_IRQHandler
                0x1ffe0d80                DMA_UART3_MOD_INT_IRQHandler
                0x1ffe0d84                DMA_UART4_MOD_INT_IRQHandler
                0x1ffe0d88                DMA_SIM0_MOD_INT_IRQHandler
                0x1ffe0d8c                DMA_SIM1_MOD_INT_IRQHandler
                0x1ffe0d90                DMA_FLEXCAN0_MOD_INT_IRQHandler
                0x1ffe0d94                DMA_FLEXCAN1_MOD_INT_IRQHandler
                0x1ffe0d98                DMA_FLEXCAN2_MOD_INT_IRQHandler
                0x1ffe0d9c                DMA_FTM0_MOD_INT_IRQHandler
                0x1ffe0da0                DMA_FTM1_MOD_INT_IRQHandler
                0x1ffe0da4                DMA_ADC0_MOD_INT_IRQHandler
                0x1ffe0da8                DMA_ADC1_MOD_INT_IRQHandler
                0x1ffe0dac                DMA_FLEXCAN0_DMA_INT_IRQHandler
                0x1ffe0db0                DMA_FLEXCAN1_DMA_INT_IRQHandler
                0x1ffe0db4                DMA_FLEXCAN2_DMA_INT_IRQHandler
                0x1ffe0db8                DMA_FTM0_DMA_INT_IRQHandler
                0x1ffe0dbc                DMA_FTM1_DMA_INT_IRQHandler
                0x1ffe0dc0                DMA_ADC0_DMA_INT_IRQHandler
                0x1ffe0dc4                DMA_ADC1_DMA_INT_IRQHandler
                0x1ffe0dc8                AUDIO_EDMA0_INT_IRQHandler
                0x1ffe0dcc                AUDIO_EDMA0_ERR_INT_IRQHandler
                0x1ffe0dd0                AUDIO_EDMA1_INT_IRQHandler
                0x1ffe0dd4                AUDIO_EDMA1_ERR_INT_IRQHandler
                0x1ffe0dd8                AUDIO_DMA0_CH0_INT_IRQHandler
                0x1ffe0ddc                AUDIO_DMA0_CH1_INT_IRQHandler
                0x1ffe0de0                AUDIO_DMA0_CH2_INT_IRQHandler
                0x1ffe0de4                AUDIO_DMA0_CH3_INT_IRQHandler
                0x1ffe0de8                AUDIO_DMA0_CH4_INT_IRQHandler
                0x1ffe0dec                AUDIO_DMA0_CH5_INT_IRQHandler
                0x1ffe0df0                AUDIO_DMA1_CH0_INT_IRQHandler
                0x1ffe0df4                AUDIO_DMA1_CH1_INT_IRQHandler
                0x1ffe0df8                AUDIO_DMA1_CH2_INT_IRQHandler
                0x1ffe0dfc                AUDIO_DMA1_CH3_INT_IRQHandler
                0x1ffe0e00                AUDIO_DMA1_CH4_INT_IRQHandler
                0x1ffe0e04                AUDIO_DMA1_CH5_INT_IRQHandler
                0x1ffe0e08                AUDIO_ESAI0_INT_IRQHandler
                0x1ffe0e0c                AUDIO_ESAI1_INT_IRQHandler
                0x1ffe0e10                AUDIO_SAI0_INT_IRQHandler
                0x1ffe0e14                AUDIO_SAI1_INT_IRQHandler
                0x1ffe0e18                AUDIO_SAI2_INT_IRQHandler
                0x1ffe0e1c                AUDIO_SAI3_INT_IRQHandler
                0x1ffe0e20                AUDIO_SAI_HDMI_RX_INT_IRQHandler
                0x1ffe0e24                AUDIO_SAI_HDMI_TX_INT_IRQHandler
                0x1ffe0e28                AUDIO_SAI6_INT_IRQHandler
                0x1ffe0e2c                AUDIO_SAI7_INT_IRQHandler
                0x1ffe0e30                AUDIO_SPDIF0_RX_INT_IRQHandler
                0x1ffe0e34                AUDIO_SPDIF0_TX_INT_IRQHandler
                0x1ffe0e38                AUDIO_SPDIF1_RX_INT_IRQHandler
                0x1ffe0e3c                AUDIO_SPDIF1_TX_INT_IRQHandler
                0x1ffe0e40                AUDIO_ESAI0_MOD_INT_IRQHandler
                0x1ffe0e44                AUDIO_ESAI0_DMA_INT_IRQHandler
                0x1ffe0e48                AUDIO_ESAI1_MOD_INT_IRQHandler
                0x1ffe0e4c                AUDIO_ESAI1_DMA_INT_IRQHandler
                0x1ffe0e50                DMA_SPI0_DMA_RX_INT_IRQHandler
                0x1ffe0e54                DMA_SPI0_DMA_TX_INT_IRQHandler
                0x1ffe0e58                DMA_SPI1_DMA_RX_INT_IRQHandler
                0x1ffe0e5c                DMA_SPI1_DMA_TX_INT_IRQHandler
                0x1ffe0e60                DMA_SPI2_DMA_RX_INT_IRQHandler
                0x1ffe0e64                DMA_SPI2_DMA_TX_INT_IRQHandler
                0x1ffe0e68                DMA_SPI3_DMA_RX_INT_IRQHandler
                0x1ffe0e6c                DMA_SPI3_DMA_TX_INT_IRQHandler
                0x1ffe0e70                DMA_I2C0_DMA_RX_INT_IRQHandler
                0x1ffe0e74                DMA_I2C0_DMA_TX_INT_IRQHandler
                0x1ffe0e78                DMA_I2C1_DMA_RX_INT_IRQHandler
                0x1ffe0e7c                DMA_I2C1_DMA_TX_INT_IRQHandler
                0x1ffe0e80                DMA_I2C2_DMA_RX_INT_IRQHandler
                0x1ffe0e84                DMA_I2C2_DMA_TX_INT_IRQHandler
                0x1ffe0e88                DMA_I2C3_DMA_RX_INT_IRQHandler
                0x1ffe0e8c                DMA_I2C3_DMA_TX_INT_IRQHandler
                0x1ffe0e90                DMA_I2C4_DMA_RX_INT_IRQHandler
                0x1ffe0e94                DMA_I2C4_DMA_TX_INT_IRQHandler
                0x1ffe0e98                DMA_UART0_DMA_RX_INT_IRQHandler
                0x1ffe0e9c                DMA_UART0_DMA_TX_INT_IRQHandler
                0x1ffe0ea0                DMA_UART1_DMA_RX_INT_IRQHandler
                0x1ffe0ea4                DMA_UART1_DMA_TX_INT_IRQHandler
                0x1ffe0ea8                DMA_UART2_DMA_RX_INT_IRQHandler
                0x1ffe0eac                DMA_UART2_DMA_TX_INT_IRQHandler
                0x1ffe0eb0                DMA_UART3_DMA_RX_INT_IRQHandler
                0x1ffe0eb4                DMA_UART3_DMA_TX_INT_IRQHandler
                0x1ffe0eb8                DMA_UART4_DMA_RX_INT_IRQHandler
                0x1ffe0ebc                DMA_UART4_DMA_TX_INT_IRQHandler
                0x1ffe0ec0                DMA_SIM0_DMA_RX_INT_IRQHandler
                0x1ffe0ec4                DMA_SIM0_DMA_TX_INT_IRQHandler
                0x1ffe0ec8                DMA_SIM1_DMA_RX_INT_IRQHandler
                0x1ffe0ecc                DMA_SIM1_DMA_TX_INT_IRQHandler
                0x1ffe0ed0                AUDIO_SPDIF0_RX_MOD_INT_IRQHandler
                0x1ffe0ed4                AUDIO_SPDIF0_RX_DMA_INT_IRQHandler
                0x1ffe0ed8                AUDIO_SPDIF0_TX_MOD_INT_IRQHandler
                0x1ffe0edc                AUDIO_SPDIF0_TX_DMA_INT_IRQHandler
                0x1ffe0ee0                AUDIO_SPDIF1_RX_MOD_INT_IRQHandler
                0x1ffe0ee4                AUDIO_SPDIF1_RX_DMA_INT_IRQHandler
                0x1ffe0ee8                AUDIO_SPDIF1_TX_MOD_INT_IRQHandler
                0x1ffe0eec                AUDIO_SPDIF1_TX_DMA_INT_IRQHandler
                0x1ffe0ef0                M4_1_INTMUX_SOURCE_TPM_IRQHandler
                0x1ffe0ef4                M4_1_INTMUX_SOURCE_LPIT_IRQHandler
                0x1ffe0ef8                M4_1_INTMUX_SOURCE_LPUART_IRQHandler
                0x1ffe0efc                M4_1_INTMUX_SOURCE_LPI2C_IRQHandler
                0x1ffe0f00                M4_1_INTMUX_SOURCE_MU0_A3_IRQHandler
                0x1ffe0f04                M4_1_INTMUX_SOURCE_MU0_A2_IRQHandler
                0x1ffe0f08                M4_1_INTMUX_SOURCE_MU0_A1_IRQHandler
                0x1ffe0f0c                M4_1_INTMUX_SOURCE_MU0_A0_IRQHandler
 .text          0x1ffe1110       0x10 /home/create/NIO/cortex-m/toolchain/arm-gnu-toolchain-14.3.rel1-x86_64-arm-none-eabi/bin/../lib/gcc/arm-none-eabi/14.3.1/../../../../arm-none-eabi/lib/thumb/v7e-m+fp/hard/libc_nano.a(libc_a-strlen.o)
                0x1ffe1110                strlen
 .text          0x1ffe1120      0x378 /home/create/NIO/cortex-m/toolchain/arm-gnu-toolchain-14.3.rel1-x86_64-arm-none-eabi/bin/../lib/gcc/arm-none-eabi/14.3.1/thumb/v7e-m+fp/hard/libgcc.a(_arm_addsubdf3.o)
                0x1ffe1120                __aeabi_drsub
                0x1ffe1128                __aeabi_dsub
                0x1ffe1128                __subdf3
                0x1ffe112c                __adddf3
                0x1ffe112c                __aeabi_dadd
                0x1ffe13a4                __aeabi_ui2d
                0x1ffe13a4                __floatunsidf
                0x1ffe13c4                __floatsidf
                0x1ffe13c4                __aeabi_i2d
                0x1ffe13e8                __extendsfdf2
                0x1ffe13e8                __aeabi_f2d
                0x1ffe142c                __aeabi_ul2d
                0x1ffe142c                __floatundidf
                0x1ffe143c                __floatdidf
                0x1ffe143c                __aeabi_l2d
 .text          0x1ffe1498      0x424 /home/create/NIO/cortex-m/toolchain/arm-gnu-toolchain-14.3.rel1-x86_64-arm-none-eabi/bin/../lib/gcc/arm-none-eabi/14.3.1/thumb/v7e-m+fp/hard/libgcc.a(_arm_muldivdf3.o)
                0x1ffe1498                __aeabi_dmul
                0x1ffe1498                __muldf3
                0x1ffe16ec                __aeabi_ddiv
                0x1ffe16ec                __divdf3
 .text          0x1ffe18bc      0x110 /home/create/NIO/cortex-m/toolchain/arm-gnu-toolchain-14.3.rel1-x86_64-arm-none-eabi/bin/../lib/gcc/arm-none-eabi/14.3.1/thumb/v7e-m+fp/hard/libgcc.a(_arm_cmpdf2.o)
                0x1ffe18bc                __gtdf2
                0x1ffe18bc                __gedf2
                0x1ffe18c4                __ltdf2
                0x1ffe18c4                __ledf2
                0x1ffe18cc                __cmpdf2
                0x1ffe18cc                __eqdf2
                0x1ffe18cc                __nedf2
                0x1ffe1948                __aeabi_cdrcmple
                0x1ffe1958                __aeabi_cdcmple
                0x1ffe1958                __aeabi_cdcmpeq
                0x1ffe1968                __aeabi_dcmpeq
                0x1ffe197c                __aeabi_dcmplt
                0x1ffe1990                __aeabi_dcmple
                0x1ffe19a4                __aeabi_dcmpge
                0x1ffe19b8                __aeabi_dcmpgt
 .text          0x1ffe19cc       0xa0 /home/create/NIO/cortex-m/toolchain/arm-gnu-toolchain-14.3.rel1-x86_64-arm-none-eabi/bin/../lib/gcc/arm-none-eabi/14.3.1/thumb/v7e-m+fp/hard/libgcc.a(_arm_truncdfsf2.o)
                0x1ffe19cc                __aeabi_d2f
                0x1ffe19cc                __truncdfsf2
 .text          0x1ffe1a6c       0x30 /home/create/NIO/cortex-m/toolchain/arm-gnu-toolchain-14.3.rel1-x86_64-arm-none-eabi/bin/../lib/gcc/arm-none-eabi/14.3.1/thumb/v7e-m+fp/hard/libgcc.a(_aeabi_uldivmod.o)
                0x1ffe1a6c                __aeabi_uldivmod
 .text          0x1ffe1a9c        0x4 /home/create/NIO/cortex-m/toolchain/arm-gnu-toolchain-14.3.rel1-x86_64-arm-none-eabi/bin/../lib/gcc/arm-none-eabi/14.3.1/thumb/v7e-m+fp/hard/libgcc.a(_dvmd_tls.o)
                0x1ffe1a9c                __aeabi_ldiv0
                0x1ffe1a9c                __aeabi_idiv0
 *(.text*)
 .text.deregister_tm_clones
                0x1ffe1aa0       0x1c /home/create/NIO/cortex-m/toolchain/arm-gnu-toolchain-14.3.rel1-x86_64-arm-none-eabi/bin/../lib/gcc/arm-none-eabi/14.3.1/thumb/v7e-m+fp/hard/crtbegin.o
 .text.register_tm_clones
                0x1ffe1abc       0x24 /home/create/NIO/cortex-m/toolchain/arm-gnu-toolchain-14.3.rel1-x86_64-arm-none-eabi/bin/../lib/gcc/arm-none-eabi/14.3.1/thumb/v7e-m+fp/hard/crtbegin.o
 .text.__do_global_dtors_aux
                0x1ffe1ae0       0x28 /home/create/NIO/cortex-m/toolchain/arm-gnu-toolchain-14.3.rel1-x86_64-arm-none-eabi/bin/../lib/gcc/arm-none-eabi/14.3.1/thumb/v7e-m+fp/hard/crtbegin.o
 .text.frame_dummy
                0x1ffe1b08       0x24 /home/create/NIO/cortex-m/toolchain/arm-gnu-toolchain-14.3.rel1-x86_64-arm-none-eabi/bin/../lib/gcc/arm-none-eabi/14.3.1/thumb/v7e-m+fp/hard/crtbegin.o
 .text.TPM_GetCurrentTimerCount
                0x1ffe1b2c       0x18 CMakeFiles/rpmsg_lite_pingpong_rtos_sdk_remote.elf.dir/home/create/NIO/cortex-m/SDK_2_9_0_MIMX8QM6xxxFF/boards/mekmimx8qm/multicore_examples/rpmsg_lite_pingpong_rtos/sdk_remote/cm4_core1/main_remote.c.obj
 .text.Peripheral_Init
                0x1ffe1b44       0xfc CMakeFiles/rpmsg_lite_pingpong_rtos_sdk_remote.elf.dir/home/create/NIO/cortex-m/SDK_2_9_0_MIMX8QM6xxxFF/boards/mekmimx8qm/multicore_examples/rpmsg_lite_pingpong_rtos/sdk_remote/cm4_core1/main_remote.c.obj
                0x1ffe1b44                Peripheral_Init
 .text.App_GetTimerForRuntimeStats
                0x1ffe1c40       0x14 CMakeFiles/rpmsg_lite_pingpong_rtos_sdk_remote.elf.dir/home/create/NIO/cortex-m/SDK_2_9_0_MIMX8QM6xxxFF/boards/mekmimx8qm/multicore_examples/rpmsg_lite_pingpong_rtos/sdk_remote/cm4_core1/main_remote.c.obj
                0x1ffe1c40                App_GetTimerForRuntimeStats
 .text.rpmsg_task
                0x1ffe1c54      0x148 CMakeFiles/rpmsg_lite_pingpong_rtos_sdk_remote.elf.dir/home/create/NIO/cortex-m/SDK_2_9_0_MIMX8QM6xxxFF/boards/mekmimx8qm/multicore_examples/rpmsg_lite_pingpong_rtos/sdk_remote/cm4_core1/main_remote.c.obj
 .text.fwis_task
                0x1ffe1d9c      0x170 CMakeFiles/rpmsg_lite_pingpong_rtos_sdk_remote.elf.dir/home/create/NIO/cortex-m/SDK_2_9_0_MIMX8QM6xxxFF/boards/mekmimx8qm/multicore_examples/rpmsg_lite_pingpong_rtos/sdk_remote/cm4_core1/main_remote.c.obj
 .text.monitor_task
                0x1ffe1f0c      0x6b8 CMakeFiles/rpmsg_lite_pingpong_rtos_sdk_remote.elf.dir/home/create/NIO/cortex-m/SDK_2_9_0_MIMX8QM6xxxFF/boards/mekmimx8qm/multicore_examples/rpmsg_lite_pingpong_rtos/sdk_remote/cm4_core1/main_remote.c.obj
 .text.main     0x1ffe25c4      0x104 CMakeFiles/rpmsg_lite_pingpong_rtos_sdk_remote.elf.dir/home/create/NIO/cortex-m/SDK_2_9_0_MIMX8QM6xxxFF/boards/mekmimx8qm/multicore_examples/rpmsg_lite_pingpong_rtos/sdk_remote/cm4_core1/main_remote.c.obj
                0x1ffe25c4                main
 .text.BOARD_InitPins
                0x1ffe26c8      0x140 CMakeFiles/rpmsg_lite_pingpong_rtos_sdk_remote.elf.dir/home/create/NIO/cortex-m/SDK_2_9_0_MIMX8QM6xxxFF/boards/mekmimx8qm/multicore_examples/rpmsg_lite_pingpong_rtos/sdk_remote/cm4_core1/pin_mux.c.obj
                0x1ffe26c8                BOARD_InitPins
 .text.copyResourceTable
                0x1ffe2808       0x28 CMakeFiles/rpmsg_lite_pingpong_rtos_sdk_remote.elf.dir/home/create/NIO/cortex-m/SDK_2_9_0_MIMX8QM6xxxFF/boards/mekmimx8qm/multicore_examples/rpmsg_lite_pingpong_rtos/sdk_remote/cm4_core1/rsc_table.c.obj
                0x1ffe2808                copyResourceTable
 .text.LPI2C_MasterGetStatusFlags
                0x1ffe2830       0x18 CMakeFiles/rpmsg_lite_pingpong_rtos_sdk_remote.elf.dir/home/create/NIO/cortex-m/SDK_2_9_0_MIMX8QM6xxxFF/boards/mekmimx8qm/multicore_examples/rpmsg_lite_pingpong_rtos/sdk_remote/cm4_core1/board.c.obj
 .text.LPI2C_MasterGetFifoCounts
                0x1ffe2848       0x3e CMakeFiles/rpmsg_lite_pingpong_rtos_sdk_remote.elf.dir/home/create/NIO/cortex-m/SDK_2_9_0_MIMX8QM6xxxFF/boards/mekmimx8qm/multicore_examples/rpmsg_lite_pingpong_rtos/sdk_remote/cm4_core1/board.c.obj
 *fill*         0x1ffe2886        0x2 
 .text.BOARD_InitRpc
                0x1ffe2888       0x5c CMakeFiles/rpmsg_lite_pingpong_rtos_sdk_remote.elf.dir/home/create/NIO/cortex-m/SDK_2_9_0_MIMX8QM6xxxFF/boards/mekmimx8qm/multicore_examples/rpmsg_lite_pingpong_rtos/sdk_remote/cm4_core1/board.c.obj
                0x1ffe2888                BOARD_InitRpc
 .text.BOARD_InitDebugConsole
                0x1ffe28e4       0x4c CMakeFiles/rpmsg_lite_pingpong_rtos_sdk_remote.elf.dir/home/create/NIO/cortex-m/SDK_2_9_0_MIMX8QM6xxxFF/boards/mekmimx8qm/multicore_examples/rpmsg_lite_pingpong_rtos/sdk_remote/cm4_core1/board.c.obj
                0x1ffe28e4                BOARD_InitDebugConsole
 .text.BOARD_InitMemory
                0x1ffe2930      0x120 CMakeFiles/rpmsg_lite_pingpong_rtos_sdk_remote.elf.dir/home/create/NIO/cortex-m/SDK_2_9_0_MIMX8QM6xxxFF/boards/mekmimx8qm/multicore_examples/rpmsg_lite_pingpong_rtos/sdk_remote/cm4_core1/board.c.obj
                0x1ffe2930                BOARD_InitMemory
 .text.BOARD_LPI2C_SendWithoutSubAddr
                0x1ffe2a50      0x118 CMakeFiles/rpmsg_lite_pingpong_rtos_sdk_remote.elf.dir/home/create/NIO/cortex-m/SDK_2_9_0_MIMX8QM6xxxFF/boards/mekmimx8qm/multicore_examples/rpmsg_lite_pingpong_rtos/sdk_remote/cm4_core1/board.c.obj
                0x1ffe2a50                BOARD_LPI2C_SendWithoutSubAddr
 .text.BOARD_LPI2C_ReceiveWithoutSubAddr
                0x1ffe2b68       0xac CMakeFiles/rpmsg_lite_pingpong_rtos_sdk_remote.elf.dir/home/create/NIO/cortex-m/SDK_2_9_0_MIMX8QM6xxxFF/boards/mekmimx8qm/multicore_examples/rpmsg_lite_pingpong_rtos/sdk_remote/cm4_core1/board.c.obj
                0x1ffe2b68                BOARD_LPI2C_ReceiveWithoutSubAddr
 .text.BOARD_BootClockRUN
                0x1ffe2c14        0xc CMakeFiles/rpmsg_lite_pingpong_rtos_sdk_remote.elf.dir/home/create/NIO/cortex-m/SDK_2_9_0_MIMX8QM6xxxFF/boards/mekmimx8qm/multicore_examples/rpmsg_lite_pingpong_rtos/sdk_remote/cm4_core1/clock_config.c.obj
                0x1ffe2c14                BOARD_BootClockRUN
 .text.MU_SetFlagsNonBlocking
                0x1ffe2c20       0x32 CMakeFiles/rpmsg_lite_pingpong_rtos_sdk_remote.elf.dir/home/create/NIO/cortex-m/SDK_2_9_0_MIMX8QM6xxxFF/boards/mekmimx8qm/multicore_examples/rpmsg_lite_pingpong_rtos/sdk_remote/cm4_core1/app_srtm.c.obj
 *fill*         0x1ffe2c52        0x2 
 .text.APP_SRTM_SetRemoteReady
                0x1ffe2c54       0x1c CMakeFiles/rpmsg_lite_pingpong_rtos_sdk_remote.elf.dir/home/create/NIO/cortex-m/SDK_2_9_0_MIMX8QM6xxxFF/boards/mekmimx8qm/multicore_examples/rpmsg_lite_pingpong_rtos/sdk_remote/cm4_core1/app_srtm.c.obj
 .text.APP_SRTM_I2C_Write
                0x1ffe2c70       0x64 CMakeFiles/rpmsg_lite_pingpong_rtos_sdk_remote.elf.dir/home/create/NIO/cortex-m/SDK_2_9_0_MIMX8QM6xxxFF/boards/mekmimx8qm/multicore_examples/rpmsg_lite_pingpong_rtos/sdk_remote/cm4_core1/app_srtm.c.obj
 .text.APP_SRTM_I2C_Read
                0x1ffe2cd4       0x64 CMakeFiles/rpmsg_lite_pingpong_rtos_sdk_remote.elf.dir/home/create/NIO/cortex-m/SDK_2_9_0_MIMX8QM6xxxFF/boards/mekmimx8qm/multicore_examples/rpmsg_lite_pingpong_rtos/sdk_remote/cm4_core1/app_srtm.c.obj
 .text.APP_SRTM_PollLinkup
                0x1ffe2d38       0x74 CMakeFiles/rpmsg_lite_pingpong_rtos_sdk_remote.elf.dir/home/create/NIO/cortex-m/SDK_2_9_0_MIMX8QM6xxxFF/boards/mekmimx8qm/multicore_examples/rpmsg_lite_pingpong_rtos/sdk_remote/cm4_core1/app_srtm.c.obj
 .text.APP_LinkupTimerCallback
                0x1ffe2dac       0x38 CMakeFiles/rpmsg_lite_pingpong_rtos_sdk_remote.elf.dir/home/create/NIO/cortex-m/SDK_2_9_0_MIMX8QM6xxxFF/boards/mekmimx8qm/multicore_examples/rpmsg_lite_pingpong_rtos/sdk_remote/cm4_core1/app_srtm.c.obj
 .text.APP_SRTM_NotifyPeerCoreReady
                0x1ffe2de4       0x34 CMakeFiles/rpmsg_lite_pingpong_rtos_sdk_remote.elf.dir/home/create/NIO/cortex-m/SDK_2_9_0_MIMX8QM6xxxFF/boards/mekmimx8qm/multicore_examples/rpmsg_lite_pingpong_rtos/sdk_remote/cm4_core1/app_srtm.c.obj
 .text.APP_SRTM_Linkup
                0x1ffe2e18       0x7c CMakeFiles/rpmsg_lite_pingpong_rtos_sdk_remote.elf.dir/home/create/NIO/cortex-m/SDK_2_9_0_MIMX8QM6xxxFF/boards/mekmimx8qm/multicore_examples/rpmsg_lite_pingpong_rtos/sdk_remote/cm4_core1/app_srtm.c.obj
 .text.APP_SRTM_InitPeerCore
                0x1ffe2e94       0x84 CMakeFiles/rpmsg_lite_pingpong_rtos_sdk_remote.elf.dir/home/create/NIO/cortex-m/SDK_2_9_0_MIMX8QM6xxxFF/boards/mekmimx8qm/multicore_examples/rpmsg_lite_pingpong_rtos/sdk_remote/cm4_core1/app_srtm.c.obj
 .text.APP_SRTM_ResetServices
                0x1ffe2f18        0xe CMakeFiles/rpmsg_lite_pingpong_rtos_sdk_remote.elf.dir/home/create/NIO/cortex-m/SDK_2_9_0_MIMX8QM6xxxFF/boards/mekmimx8qm/multicore_examples/rpmsg_lite_pingpong_rtos/sdk_remote/cm4_core1/app_srtm.c.obj
 *fill*         0x1ffe2f26        0x2 
 .text.APP_SRTM_DeinitPeerCore
                0x1ffe2f28       0x80 CMakeFiles/rpmsg_lite_pingpong_rtos_sdk_remote.elf.dir/home/create/NIO/cortex-m/SDK_2_9_0_MIMX8QM6xxxFF/boards/mekmimx8qm/multicore_examples/rpmsg_lite_pingpong_rtos/sdk_remote/cm4_core1/app_srtm.c.obj
 .text.APP_SRTM_InitI2CDevice
                0x1ffe2fa8       0x38 CMakeFiles/rpmsg_lite_pingpong_rtos_sdk_remote.elf.dir/home/create/NIO/cortex-m/SDK_2_9_0_MIMX8QM6xxxFF/boards/mekmimx8qm/multicore_examples/rpmsg_lite_pingpong_rtos/sdk_remote/cm4_core1/app_srtm.c.obj
 .text.APP_SRTM_InitI2CService
                0x1ffe2fe0       0x34 CMakeFiles/rpmsg_lite_pingpong_rtos_sdk_remote.elf.dir/home/create/NIO/cortex-m/SDK_2_9_0_MIMX8QM6xxxFF/boards/mekmimx8qm/multicore_examples/rpmsg_lite_pingpong_rtos/sdk_remote/cm4_core1/app_srtm.c.obj
 .text.APP_SRTM_InitServices
                0x1ffe3014        0xc CMakeFiles/rpmsg_lite_pingpong_rtos_sdk_remote.elf.dir/home/create/NIO/cortex-m/SDK_2_9_0_MIMX8QM6xxxFF/boards/mekmimx8qm/multicore_examples/rpmsg_lite_pingpong_rtos/sdk_remote/cm4_core1/app_srtm.c.obj
 .text.SRTM_MonitorTask
                0x1ffe3020      0x118 CMakeFiles/rpmsg_lite_pingpong_rtos_sdk_remote.elf.dir/home/create/NIO/cortex-m/SDK_2_9_0_MIMX8QM6xxxFF/boards/mekmimx8qm/multicore_examples/rpmsg_lite_pingpong_rtos/sdk_remote/cm4_core1/app_srtm.c.obj
 .text.SRTM_DispatcherTask
                0x1ffe3138       0x20 CMakeFiles/rpmsg_lite_pingpong_rtos_sdk_remote.elf.dir/home/create/NIO/cortex-m/SDK_2_9_0_MIMX8QM6xxxFF/boards/mekmimx8qm/multicore_examples/rpmsg_lite_pingpong_rtos/sdk_remote/cm4_core1/app_srtm.c.obj
 .text.APP_SRTM_Init
                0x1ffe3158       0xc8 CMakeFiles/rpmsg_lite_pingpong_rtos_sdk_remote.elf.dir/home/create/NIO/cortex-m/SDK_2_9_0_MIMX8QM6xxxFF/boards/mekmimx8qm/multicore_examples/rpmsg_lite_pingpong_rtos/sdk_remote/cm4_core1/app_srtm.c.obj
                0x1ffe3158                APP_SRTM_Init
 .text.APP_SRTM_StartCommunication
                0x1ffe3220       0x24 CMakeFiles/rpmsg_lite_pingpong_rtos_sdk_remote.elf.dir/home/create/NIO/cortex-m/SDK_2_9_0_MIMX8QM6xxxFF/boards/mekmimx8qm/multicore_examples/rpmsg_lite_pingpong_rtos/sdk_remote/cm4_core1/app_srtm.c.obj
                0x1ffe3220                APP_SRTM_StartCommunication
 .text.SRTM_List_Init
                0x1ffe3244       0x3c CMakeFiles/rpmsg_lite_pingpong_rtos_sdk_remote.elf.dir/home/create/NIO/cortex-m/SDK_2_9_0_MIMX8QM6xxxFF/boards/mekmimx8qm/multicore_examples/rpmsg_lite_pingpong_rtos/sdk_remote/cm4_core1/srtm/channels/srtm_rpmsg_endpoint.c.obj
 .text.SRTM_List_IsEmpty
                0x1ffe3280       0x40 CMakeFiles/rpmsg_lite_pingpong_rtos_sdk_remote.elf.dir/home/create/NIO/cortex-m/SDK_2_9_0_MIMX8QM6xxxFF/boards/mekmimx8qm/multicore_examples/rpmsg_lite_pingpong_rtos/sdk_remote/cm4_core1/srtm/channels/srtm_rpmsg_endpoint.c.obj
 .text.SRTM_RPMsgEndpoint_RxHandler
                0x1ffe32c0       0xb8 CMakeFiles/rpmsg_lite_pingpong_rtos_sdk_remote.elf.dir/home/create/NIO/cortex-m/SDK_2_9_0_MIMX8QM6xxxFF/boards/mekmimx8qm/multicore_examples/rpmsg_lite_pingpong_rtos/sdk_remote/cm4_core1/srtm/channels/srtm_rpmsg_endpoint.c.obj
 .text.SRTM_RPMsgEndpoint_Start
                0x1ffe3378       0x40 CMakeFiles/rpmsg_lite_pingpong_rtos_sdk_remote.elf.dir/home/create/NIO/cortex-m/SDK_2_9_0_MIMX8QM6xxxFF/boards/mekmimx8qm/multicore_examples/rpmsg_lite_pingpong_rtos/sdk_remote/cm4_core1/srtm/channels/srtm_rpmsg_endpoint.c.obj
 .text.SRTM_RPMsgEndpoint_Stop
                0x1ffe33b8       0x40 CMakeFiles/rpmsg_lite_pingpong_rtos_sdk_remote.elf.dir/home/create/NIO/cortex-m/SDK_2_9_0_MIMX8QM6xxxFF/boards/mekmimx8qm/multicore_examples/rpmsg_lite_pingpong_rtos/sdk_remote/cm4_core1/srtm/channels/srtm_rpmsg_endpoint.c.obj
 .text.SRTM_RPMsgEndpoint_SendData
                0x1ffe33f8       0xa4 CMakeFiles/rpmsg_lite_pingpong_rtos_sdk_remote.elf.dir/home/create/NIO/cortex-m/SDK_2_9_0_MIMX8QM6xxxFF/boards/mekmimx8qm/multicore_examples/rpmsg_lite_pingpong_rtos/sdk_remote/cm4_core1/srtm/channels/srtm_rpmsg_endpoint.c.obj
 .text.SRTM_RPMsgEndpoint_Create
                0x1ffe349c      0x134 CMakeFiles/rpmsg_lite_pingpong_rtos_sdk_remote.elf.dir/home/create/NIO/cortex-m/SDK_2_9_0_MIMX8QM6xxxFF/boards/mekmimx8qm/multicore_examples/rpmsg_lite_pingpong_rtos/sdk_remote/cm4_core1/srtm/channels/srtm_rpmsg_endpoint.c.obj
                0x1ffe349c                SRTM_RPMsgEndpoint_Create
 .text.SRTM_RPMsgEndpoint_Destroy
                0x1ffe35d0       0x80 CMakeFiles/rpmsg_lite_pingpong_rtos_sdk_remote.elf.dir/home/create/NIO/cortex-m/SDK_2_9_0_MIMX8QM6xxxFF/boards/mekmimx8qm/multicore_examples/rpmsg_lite_pingpong_rtos/sdk_remote/cm4_core1/srtm/channels/srtm_rpmsg_endpoint.c.obj
                0x1ffe35d0                SRTM_RPMsgEndpoint_Destroy
 .text.SRTM_List_Init
                0x1ffe3650       0x3c CMakeFiles/rpmsg_lite_pingpong_rtos_sdk_remote.elf.dir/home/create/NIO/cortex-m/SDK_2_9_0_MIMX8QM6xxxFF/boards/mekmimx8qm/multicore_examples/rpmsg_lite_pingpong_rtos/sdk_remote/cm4_core1/srtm/services/srtm_i2c_service.c.obj
 .text.SRTM_List_IsEmpty
                0x1ffe368c       0x40 CMakeFiles/rpmsg_lite_pingpong_rtos_sdk_remote.elf.dir/home/create/NIO/cortex-m/SDK_2_9_0_MIMX8QM6xxxFF/boards/mekmimx8qm/multicore_examples/rpmsg_lite_pingpong_rtos/sdk_remote/cm4_core1/srtm/services/srtm_i2c_service.c.obj
 .text.SRTM_I2C_SearchBus
                0x1ffe36cc       0x70 CMakeFiles/rpmsg_lite_pingpong_rtos_sdk_remote.elf.dir/home/create/NIO/cortex-m/SDK_2_9_0_MIMX8QM6xxxFF/boards/mekmimx8qm/multicore_examples/rpmsg_lite_pingpong_rtos/sdk_remote/cm4_core1/srtm/services/srtm_i2c_service.c.obj
 .text.SRTM_I2CService_ReadBus
                0x1ffe373c       0xae CMakeFiles/rpmsg_lite_pingpong_rtos_sdk_remote.elf.dir/home/create/NIO/cortex-m/SDK_2_9_0_MIMX8QM6xxxFF/boards/mekmimx8qm/multicore_examples/rpmsg_lite_pingpong_rtos/sdk_remote/cm4_core1/srtm/services/srtm_i2c_service.c.obj
 .text.SRTM_I2CService_WriteBus
                0x1ffe37ea       0xae CMakeFiles/rpmsg_lite_pingpong_rtos_sdk_remote.elf.dir/home/create/NIO/cortex-m/SDK_2_9_0_MIMX8QM6xxxFF/boards/mekmimx8qm/multicore_examples/rpmsg_lite_pingpong_rtos/sdk_remote/cm4_core1/srtm/services/srtm_i2c_service.c.obj
 .text.SRTM_I2CService_Create
                0x1ffe3898       0x78 CMakeFiles/rpmsg_lite_pingpong_rtos_sdk_remote.elf.dir/home/create/NIO/cortex-m/SDK_2_9_0_MIMX8QM6xxxFF/boards/mekmimx8qm/multicore_examples/rpmsg_lite_pingpong_rtos/sdk_remote/cm4_core1/srtm/services/srtm_i2c_service.c.obj
                0x1ffe3898                SRTM_I2CService_Create
 .text.SRTM_I2CService_Destroy
                0x1ffe3910       0x58 CMakeFiles/rpmsg_lite_pingpong_rtos_sdk_remote.elf.dir/home/create/NIO/cortex-m/SDK_2_9_0_MIMX8QM6xxxFF/boards/mekmimx8qm/multicore_examples/rpmsg_lite_pingpong_rtos/sdk_remote/cm4_core1/srtm/services/srtm_i2c_service.c.obj
                0x1ffe3910                SRTM_I2CService_Destroy
 .text.SRTM_I2CService_Request
                0x1ffe3968      0x168 CMakeFiles/rpmsg_lite_pingpong_rtos_sdk_remote.elf.dir/home/create/NIO/cortex-m/SDK_2_9_0_MIMX8QM6xxxFF/boards/mekmimx8qm/multicore_examples/rpmsg_lite_pingpong_rtos/sdk_remote/cm4_core1/srtm/services/srtm_i2c_service.c.obj
 .text.SRTM_I2CService_Notify
                0x1ffe3ad0       0x18 CMakeFiles/rpmsg_lite_pingpong_rtos_sdk_remote.elf.dir/home/create/NIO/cortex-m/SDK_2_9_0_MIMX8QM6xxxFF/boards/mekmimx8qm/multicore_examples/rpmsg_lite_pingpong_rtos/sdk_remote/cm4_core1/srtm/services/srtm_i2c_service.c.obj
 .text.map_value
                0x1ffe3ae8       0x5c CMakeFiles/rpmsg_lite_pingpong_rtos_sdk_remote.elf.dir/home/create/NIO/cortex-m/SDK_2_9_0_MIMX8QM6xxxFF/boards/mekmimx8qm/multicore_examples/rpmsg_lite_pingpong_rtos/sdk_remote/cm4_core1/FWIS.c.obj
 .text.FWIS_Init
                0x1ffe3b44       0x7e CMakeFiles/rpmsg_lite_pingpong_rtos_sdk_remote.elf.dir/home/create/NIO/cortex-m/SDK_2_9_0_MIMX8QM6xxxFF/boards/mekmimx8qm/multicore_examples/rpmsg_lite_pingpong_rtos/sdk_remote/cm4_core1/FWIS.c.obj
                0x1ffe3b44                FWIS_Init
 *fill*         0x1ffe3bc2        0x6 
 .text.FWIS_Compute
                0x1ffe3bc8      0x2f8 CMakeFiles/rpmsg_lite_pingpong_rtos_sdk_remote.elf.dir/home/create/NIO/cortex-m/SDK_2_9_0_MIMX8QM6xxxFF/boards/mekmimx8qm/multicore_examples/rpmsg_lite_pingpong_rtos/sdk_remote/cm4_core1/FWIS.c.obj
                0x1ffe3bc8                FWIS_Compute
 .text.__NVIC_EnableIRQ
                0x1ffe3ec0       0x3c CMakeFiles/rpmsg_lite_pingpong_rtos_sdk_remote.elf.dir/home/create/NIO/cortex-m/SDK_2_9_0_MIMX8QM6xxxFF/devices/MIMX8QM6/drivers/fsl_irqsteer.c.obj
 .text.CLOCK_EnableClock
                0x1ffe3efc       0x1a CMakeFiles/rpmsg_lite_pingpong_rtos_sdk_remote.elf.dir/home/create/NIO/cortex-m/SDK_2_9_0_MIMX8QM6xxxFF/devices/MIMX8QM6/drivers/fsl_irqsteer.c.obj
 .text.EnableIRQ
                0x1ffe3f16       0x40 CMakeFiles/rpmsg_lite_pingpong_rtos_sdk_remote.elf.dir/home/create/NIO/cortex-m/SDK_2_9_0_MIMX8QM6xxxFF/devices/MIMX8QM6/drivers/fsl_irqsteer.c.obj
 *fill*         0x1ffe3f56        0x2 
 .text.IRQSTEER_GetInstance
                0x1ffe3f58       0x54 CMakeFiles/rpmsg_lite_pingpong_rtos_sdk_remote.elf.dir/home/create/NIO/cortex-m/SDK_2_9_0_MIMX8QM6xxxFF/devices/MIMX8QM6/drivers/fsl_irqsteer.c.obj
 .text.IRQSTEER_Init
                0x1ffe3fac       0x6c CMakeFiles/rpmsg_lite_pingpong_rtos_sdk_remote.elf.dir/home/create/NIO/cortex-m/SDK_2_9_0_MIMX8QM6xxxFF/devices/MIMX8QM6/drivers/fsl_irqsteer.c.obj
                0x1ffe3fac                IRQSTEER_Init
 .text.IRQSTEER_GetMasterNextInterrupt
                0x1ffe4018       0xaa CMakeFiles/rpmsg_lite_pingpong_rtos_sdk_remote.elf.dir/home/create/NIO/cortex-m/SDK_2_9_0_MIMX8QM6xxxFF/devices/MIMX8QM6/drivers/fsl_irqsteer.c.obj
                0x1ffe4018                IRQSTEER_GetMasterNextInterrupt
 *fill*         0x1ffe40c2        0x2 
 .text.IRQSTEER_CommonIRQHandler
                0x1ffe40c4       0x4c CMakeFiles/rpmsg_lite_pingpong_rtos_sdk_remote.elf.dir/home/create/NIO/cortex-m/SDK_2_9_0_MIMX8QM6xxxFF/devices/MIMX8QM6/drivers/fsl_irqsteer.c.obj
 .text.IRQSTEER_0_DriverIRQHandler
                0x1ffe4110       0x14 CMakeFiles/rpmsg_lite_pingpong_rtos_sdk_remote.elf.dir/home/create/NIO/cortex-m/SDK_2_9_0_MIMX8QM6xxxFF/devices/MIMX8QM6/drivers/fsl_irqsteer.c.obj
                0x1ffe4110                IRQSTEER_0_DriverIRQHandler
 .text.IRQSTEER_1_DriverIRQHandler
                0x1ffe4124       0x14 CMakeFiles/rpmsg_lite_pingpong_rtos_sdk_remote.elf.dir/home/create/NIO/cortex-m/SDK_2_9_0_MIMX8QM6xxxFF/devices/MIMX8QM6/drivers/fsl_irqsteer.c.obj
                0x1ffe4124                IRQSTEER_1_DriverIRQHandler
 .text.IRQSTEER_2_DriverIRQHandler
                0x1ffe4138       0x14 CMakeFiles/rpmsg_lite_pingpong_rtos_sdk_remote.elf.dir/home/create/NIO/cortex-m/SDK_2_9_0_MIMX8QM6xxxFF/devices/MIMX8QM6/drivers/fsl_irqsteer.c.obj
                0x1ffe4138                IRQSTEER_2_DriverIRQHandler
 .text.IRQSTEER_3_DriverIRQHandler
                0x1ffe414c       0x14 CMakeFiles/rpmsg_lite_pingpong_rtos_sdk_remote.elf.dir/home/create/NIO/cortex-m/SDK_2_9_0_MIMX8QM6xxxFF/devices/MIMX8QM6/drivers/fsl_irqsteer.c.obj
                0x1ffe414c                IRQSTEER_3_DriverIRQHandler
 .text.IRQSTEER_4_DriverIRQHandler
                0x1ffe4160       0x14 CMakeFiles/rpmsg_lite_pingpong_rtos_sdk_remote.elf.dir/home/create/NIO/cortex-m/SDK_2_9_0_MIMX8QM6xxxFF/devices/MIMX8QM6/drivers/fsl_irqsteer.c.obj
                0x1ffe4160                IRQSTEER_4_DriverIRQHandler
 .text.IRQSTEER_5_DriverIRQHandler
                0x1ffe4174       0x14 CMakeFiles/rpmsg_lite_pingpong_rtos_sdk_remote.elf.dir/home/create/NIO/cortex-m/SDK_2_9_0_MIMX8QM6xxxFF/devices/MIMX8QM6/drivers/fsl_irqsteer.c.obj
                0x1ffe4174                IRQSTEER_5_DriverIRQHandler
 .text.IRQSTEER_6_DriverIRQHandler
                0x1ffe4188       0x14 CMakeFiles/rpmsg_lite_pingpong_rtos_sdk_remote.elf.dir/home/create/NIO/cortex-m/SDK_2_9_0_MIMX8QM6xxxFF/devices/MIMX8QM6/drivers/fsl_irqsteer.c.obj
                0x1ffe4188                IRQSTEER_6_DriverIRQHandler
 .text.IRQSTEER_7_DriverIRQHandler
                0x1ffe419c       0x14 CMakeFiles/rpmsg_lite_pingpong_rtos_sdk_remote.elf.dir/home/create/NIO/cortex-m/SDK_2_9_0_MIMX8QM6xxxFF/devices/MIMX8QM6/drivers/fsl_irqsteer.c.obj
                0x1ffe419c                IRQSTEER_7_DriverIRQHandler
 .text.DelayLoop
                0x1ffe41b0       0x20 CMakeFiles/rpmsg_lite_pingpong_rtos_sdk_remote.elf.dir/home/create/NIO/cortex-m/SDK_2_9_0_MIMX8QM6xxxFF/devices/MIMX8QM6/drivers/fsl_common.c.obj
 .text.SDK_DelayAtLeastUs
                0x1ffe41d0       0xac CMakeFiles/rpmsg_lite_pingpong_rtos_sdk_remote.elf.dir/home/create/NIO/cortex-m/SDK_2_9_0_MIMX8QM6xxxFF/devices/MIMX8QM6/drivers/fsl_common.c.obj
                0x1ffe41d0                SDK_DelayAtLeastUs
 .text.CLOCK_Init
                0x1ffe427c       0x20 CMakeFiles/rpmsg_lite_pingpong_rtos_sdk_remote.elf.dir/home/create/NIO/cortex-m/SDK_2_9_0_MIMX8QM6xxxFF/devices/MIMX8QM6/drivers/fsl_clock.c.obj
                0x1ffe427c                CLOCK_Init
 .text.CLOCK_EnableClockExt
                0x1ffe429c       0x60 CMakeFiles/rpmsg_lite_pingpong_rtos_sdk_remote.elf.dir/home/create/NIO/cortex-m/SDK_2_9_0_MIMX8QM6xxxFF/devices/MIMX8QM6/drivers/fsl_clock.c.obj
                0x1ffe429c                CLOCK_EnableClockExt
 .text.CLOCK_DisableClock
                0x1ffe42fc       0x48 CMakeFiles/rpmsg_lite_pingpong_rtos_sdk_remote.elf.dir/home/create/NIO/cortex-m/SDK_2_9_0_MIMX8QM6xxxFF/devices/MIMX8QM6/drivers/fsl_clock.c.obj
                0x1ffe42fc                CLOCK_DisableClock
 .text.CLOCK_SetIpFreq
                0x1ffe4344       0x44 CMakeFiles/rpmsg_lite_pingpong_rtos_sdk_remote.elf.dir/home/create/NIO/cortex-m/SDK_2_9_0_MIMX8QM6xxxFF/devices/MIMX8QM6/drivers/fsl_clock.c.obj
                0x1ffe4344                CLOCK_SetIpFreq
 .text.CLOCK_GetIpFreq
                0x1ffe4388       0x3c CMakeFiles/rpmsg_lite_pingpong_rtos_sdk_remote.elf.dir/home/create/NIO/cortex-m/SDK_2_9_0_MIMX8QM6xxxFF/devices/MIMX8QM6/drivers/fsl_clock.c.obj
                0x1ffe4388                CLOCK_GetIpFreq
 .text.CLOCK_SetLpcgGate
                0x1ffe43c4       0x78 CMakeFiles/rpmsg_lite_pingpong_rtos_sdk_remote.elf.dir/home/create/NIO/cortex-m/SDK_2_9_0_MIMX8QM6xxxFF/devices/MIMX8QM6/drivers/fsl_clock.c.obj
                0x1ffe43c4                CLOCK_SetLpcgGate
 .text.CLOCK_ConfigLPCG
                0x1ffe443c      0x79c CMakeFiles/rpmsg_lite_pingpong_rtos_sdk_remote.elf.dir/home/create/NIO/cortex-m/SDK_2_9_0_MIMX8QM6xxxFF/devices/MIMX8QM6/drivers/fsl_clock.c.obj
                0x1ffe443c                CLOCK_ConfigLPCG
 .text.CLOCK_EnableClock
                0x1ffe4bd8       0x1a CMakeFiles/rpmsg_lite_pingpong_rtos_sdk_remote.elf.dir/home/create/NIO/cortex-m/SDK_2_9_0_MIMX8QM6xxxFF/devices/MIMX8QM6/drivers/fsl_mu.c.obj
 *fill*         0x1ffe4bf2        0x2 
 .text.MU_GetInstance
                0x1ffe4bf4       0x58 CMakeFiles/rpmsg_lite_pingpong_rtos_sdk_remote.elf.dir/home/create/NIO/cortex-m/SDK_2_9_0_MIMX8QM6xxxFF/devices/MIMX8QM6/drivers/fsl_mu.c.obj
 .text.MU_Init  0x1ffe4c4c       0x28 CMakeFiles/rpmsg_lite_pingpong_rtos_sdk_remote.elf.dir/home/create/NIO/cortex-m/SDK_2_9_0_MIMX8QM6xxxFF/devices/MIMX8QM6/drivers/fsl_mu.c.obj
                0x1ffe4c4c                MU_Init
 .text.MU_Deinit
                0x1ffe4c74       0x28 CMakeFiles/rpmsg_lite_pingpong_rtos_sdk_remote.elf.dir/home/create/NIO/cortex-m/SDK_2_9_0_MIMX8QM6xxxFF/devices/MIMX8QM6/drivers/fsl_mu.c.obj
                0x1ffe4c74                MU_Deinit
 .text.MU_SendMsg
                0x1ffe4c9c       0x54 CMakeFiles/rpmsg_lite_pingpong_rtos_sdk_remote.elf.dir/home/create/NIO/cortex-m/SDK_2_9_0_MIMX8QM6xxxFF/devices/MIMX8QM6/drivers/fsl_mu.c.obj
                0x1ffe4c9c                MU_SendMsg
 .text.vListInitialise
                0x1ffe4cf0       0x40 CMakeFiles/rpmsg_lite_pingpong_rtos_sdk_remote.elf.dir/home/create/NIO/cortex-m/SDK_2_9_0_MIMX8QM6xxxFF/rtos/freertos/freertos_kernel/list.c.obj
                0x1ffe4cf0                vListInitialise
 .text.vListInitialiseItem