Compiling the C compiler identification source file "CMakeCCompilerId.c" failed.
Compiler: /home/create/NIO/cortex-m/toolchain/arm-gnu-toolchain-14.3.rel1-x86_64-arm-none-eabi/bin/arm-none-eabi-gcc 
Build flags: 
Id flags:  

The output was:
1
/home/create/NIO/cortex-m/toolchain/arm-gnu-toolchain-14.3.rel1-x86_64-arm-none-eabi/bin/../lib/gcc/arm-none-eabi/14.3.1/../../../../arm-none-eabi/bin/ld: /home/create/NIO/cortex-m/toolchain/arm-gnu-toolchain-14.3.rel1-x86_64-arm-none-eabi/bin/../lib/gcc/arm-none-eabi/14.3.1/../../../../arm-none-eabi/lib/libc.a(libc_a-exit.o): in function `exit':
exit.c:(.text.exit+0x28): undefined reference to `_exit'
/home/create/NIO/cortex-m/toolchain/arm-gnu-toolchain-14.3.rel1-x86_64-arm-none-eabi/bin/../lib/gcc/arm-none-eabi/14.3.1/../../../../arm-none-eabi/bin/ld: /home/create/NIO/cortex-m/toolchain/arm-gnu-toolchain-14.3.rel1-x86_64-arm-none-eabi/bin/../lib/gcc/arm-none-eabi/14.3.1/../../../../arm-none-eabi/lib/libc.a(libc_a-closer.o): in function `_close_r':
closer.c:(.text._close_r+0x18): undefined reference to `_close'
/home/create/NIO/cortex-m/toolchain/arm-gnu-toolchain-14.3.rel1-x86_64-arm-none-eabi/bin/../lib/gcc/arm-none-eabi/14.3.1/../../../../arm-none-eabi/bin/ld: /home/create/NIO/cortex-m/toolchain/arm-gnu-toolchain-14.3.rel1-x86_64-arm-none-eabi/bin/../lib/gcc/arm-none-eabi/14.3.1/../../../../arm-none-eabi/lib/libc.a(libc_a-lseekr.o): in function `_lseek_r':
lseekr.c:(.text._lseek_r+0x24): undefined reference to `_lseek'
/home/create/NIO/cortex-m/toolchain/arm-gnu-toolchain-14.3.rel1-x86_64-arm-none-eabi/bin/../lib/gcc/arm-none-eabi/14.3.1/../../../../arm-none-eabi/bin/ld: /home/create/NIO/cortex-m/toolchain/arm-gnu-toolchain-14.3.rel1-x86_64-arm-none-eabi/bin/../lib/gcc/arm-none-eabi/14.3.1/../../../../arm-none-eabi/lib/libc.a(libc_a-readr.o): in function `_read_r':
readr.c:(.text._read_r+0x24): undefined reference to `_read'
/home/create/NIO/cortex-m/toolchain/arm-gnu-toolchain-14.3.rel1-x86_64-arm-none-eabi/bin/../lib/gcc/arm-none-eabi/14.3.1/../../../../arm-none-eabi/bin/ld: /home/create/NIO/cortex-m/toolchain/arm-gnu-toolchain-14.3.rel1-x86_64-arm-none-eabi/bin/../lib/gcc/arm-none-eabi/14.3.1/../../../../arm-none-eabi/lib/libc.a(libc_a-writer.o): in function `_write_r':
writer.c:(.text._write_r+0x24): undefined reference to `_write'
/home/create/NIO/cortex-m/toolchain/arm-gnu-toolchain-14.3.rel1-x86_64-arm-none-eabi/bin/../lib/gcc/arm-none-eabi/14.3.1/../../../../arm-none-eabi/bin/ld: /home/create/NIO/cortex-m/toolchain/arm-gnu-toolchain-14.3.rel1-x86_64-arm-none-eabi/bin/../lib/gcc/arm-none-eabi/14.3.1/../../../../arm-none-eabi/lib/libc.a(libc_a-sbrkr.o): in function `_sbrk_r':
sbrkr.c:(.text._sbrk_r+0x18): undefined reference to `_sbrk'
collect2: error: ld returned 1 exit status


Compiling the CXX compiler identification source file "CMakeCXXCompilerId.cpp" failed.
Compiler: /home/create/NIO/cortex-m/toolchain/arm-gnu-toolchain-14.3.rel1-x86_64-arm-none-eabi/bin/arm-none-eabi-g++ 
Build flags: 
Id flags:  

The output was:
1
/home/create/NIO/cortex-m/toolchain/arm-gnu-toolchain-14.3.rel1-x86_64-arm-none-eabi/bin/../lib/gcc/arm-none-eabi/14.3.1/../../../../arm-none-eabi/bin/ld: /home/create/NIO/cortex-m/toolchain/arm-gnu-toolchain-14.3.rel1-x86_64-arm-none-eabi/bin/../lib/gcc/arm-none-eabi/14.3.1/../../../../arm-none-eabi/lib/libc.a(libc_a-exit.o): in function `exit':
exit.c:(.text.exit+0x28): undefined reference to `_exit'
/home/create/NIO/cortex-m/toolchain/arm-gnu-toolchain-14.3.rel1-x86_64-arm-none-eabi/bin/../lib/gcc/arm-none-eabi/14.3.1/../../../../arm-none-eabi/bin/ld: /home/create/NIO/cortex-m/toolchain/arm-gnu-toolchain-14.3.rel1-x86_64-arm-none-eabi/bin/../lib/gcc/arm-none-eabi/14.3.1/../../../../arm-none-eabi/lib/libc.a(libc_a-closer.o): in function `_close_r':
closer.c:(.text._close_r+0x18): undefined reference to `_close'
/home/create/NIO/cortex-m/toolchain/arm-gnu-toolchain-14.3.rel1-x86_64-arm-none-eabi/bin/../lib/gcc/arm-none-eabi/14.3.1/../../../../arm-none-eabi/bin/ld: /home/create/NIO/cortex-m/toolchain/arm-gnu-toolchain-14.3.rel1-x86_64-arm-none-eabi/bin/../lib/gcc/arm-none-eabi/14.3.1/../../../../arm-none-eabi/lib/libc.a(libc_a-lseekr.o): in function `_lseek_r':
lseekr.c:(.text._lseek_r+0x24): undefined reference to `_lseek'
/home/create/NIO/cortex-m/toolchain/arm-gnu-toolchain-14.3.rel1-x86_64-arm-none-eabi/bin/../lib/gcc/arm-none-eabi/14.3.1/../../../../arm-none-eabi/bin/ld: /home/create/NIO/cortex-m/toolchain/arm-gnu-toolchain-14.3.rel1-x86_64-arm-none-eabi/bin/../lib/gcc/arm-none-eabi/14.3.1/../../../../arm-none-eabi/lib/libc.a(libc_a-readr.o): in function `_read_r':
readr.c:(.text._read_r+0x24): undefined reference to `_read'
/home/create/NIO/cortex-m/toolchain/arm-gnu-toolchain-14.3.rel1-x86_64-arm-none-eabi/bin/../lib/gcc/arm-none-eabi/14.3.1/../../../../arm-none-eabi/bin/ld: /home/create/NIO/cortex-m/toolchain/arm-gnu-toolchain-14.3.rel1-x86_64-arm-none-eabi/bin/../lib/gcc/arm-none-eabi/14.3.1/../../../../arm-none-eabi/lib/libc.a(libc_a-writer.o): in function `_write_r':
writer.c:(.text._write_r+0x24): undefined reference to `_write'
/home/create/NIO/cortex-m/toolchain/arm-gnu-toolchain-14.3.rel1-x86_64-arm-none-eabi/bin/../lib/gcc/arm-none-eabi/14.3.1/../../../../arm-none-eabi/bin/ld: /home/create/NIO/cortex-m/toolchain/arm-gnu-toolchain-14.3.rel1-x86_64-arm-none-eabi/bin/../lib/gcc/arm-none-eabi/14.3.1/../../../../arm-none-eabi/lib/libc.a(libc_a-sbrkr.o): in function `_sbrk_r':
sbrkr.c:(.text._sbrk_r+0x18): undefined reference to `_sbrk'
collect2: error: ld returned 1 exit status


