The target system is: Generic -  - arm
The host system is: Linux - 6.8.0-124-generic - x86_64
Checking whether the ASM compiler is GNU using "--version" matched "(GNU assembler)|(GCC)|(Free Software Foundation)":
arm-none-eabi-gcc (Arm GNU Toolchain 14.3.Rel1 (Build arm-14.174)) 14.3.1 20250623
Copyright (C) 2024 Free Software Foundation, Inc.
This is free software; see the source for copying conditions.  There is NO
warranty; not even for MERCHANTABILITY or FITNESS FOR A PARTICULAR PURPOSE.

Compiling the C compiler identification source file "CMakeCCompilerId.c" succeeded.
Compiler: /home/create/NIO/cortex-m/toolchain/arm-gnu-toolchain-14.3.rel1-x86_64-arm-none-eabi/bin/arm-none-eabi-gcc 
Build flags: 
Id flags: -c 

The output was:
0


Compilation of the C compiler identification source "CMakeCCompilerId.c" produced "CMakeCCompilerId.o"

The C compiler identification is GNU, found in "/home/create/NIO/cortex-m/SDK_2_9_0_MIMX8QM6xxxFF/boards/mekmimx8qm/multicore_examples/rpmsg_lite_pingpong_rtos/sdk_remote/cm4_core1/armgcc/CMakeFiles/3.22.1/CompilerIdC/CMakeCCompilerId.o"

Compiling the CXX compiler identification source file "CMakeCXXCompilerId.cpp" succeeded.
Compiler: /home/create/NIO/cortex-m/toolchain/arm-gnu-toolchain-14.3.rel1-x86_64-arm-none-eabi/bin/arm-none-eabi-g++ 
Build flags: 
Id flags: -c 

The output was:
0


Compilation of the CXX compiler identification source "CMakeCXXCompilerId.cpp" produced "CMakeCXXCompilerId.o"

The CXX compiler identification is GNU, found in "/home/create/NIO/cortex-m/SDK_2_9_0_MIMX8QM6xxxFF/boards/mekmimx8qm/multicore_examples/rpmsg_lite_pingpong_rtos/sdk_remote/cm4_core1/armgcc/CMakeFiles/3.22.1/CompilerIdCXX/CMakeCXXCompilerId.o"

